ES
ERROR
EESS
ESES
ERROR
EEEEEEEEEESSSESSSSSEEESSSSESESSS

ERROR
ESESESEEESEESSESSSESEESEEESSSSES
ESEESEESSEEESESEESSSESSSEESESSES
EEEEEEEEEESSSESSSSSEEESSSSESESSS
EEEEEEESEESSESESSSEESSEESSESSSSS
EEEEEESEEEEESSSSESSEESEESSSSSSSS
EEEEEEEESSEESESEESSSESESSESSSSSS
EEEEEEESEEESESEESSEEESSSSSSSSSSS
EEEEEEEESEEESESEESSEEESSSSSSSSSSSS
EEEEEESEEESESEESSEEESSSSSSSSSS
EEEEEEEEESEEESESEESSEEESSSSSSSSSSSSS
ESESESESESESESESESESESESESESESESESEESS
ESESESESESESESESESESESESESESESESESESES
ERROR
EEEEEEEEEEEEEEEEEEESSSSSSSSSSSSSSSSSSS
EEEEEEEEEEEEEEESEEESSSSSESSSSSSSSSSSSS
EEESSSEEESSSEESESESEEEESSESSSSEEESSSES
