0.00
1238.00
-900.00
1100.00
74576891.79
-1526304921.16
-798061733.00
138480968.80
226392505.00
-767495399.00
811009316.00
-673729864.00
289674419.00
-1014488064.00
183491703.99
426567062.26
199187385.00
-681658244.00
43805140.00
697316939.00
675440477.98
721625200.89
121354333.07
-398199747.88
