2395.09
2736.89
2300.04
2627.05
2672.67
2265.24
2641.88
2329.42
2979.65
2154.07
2302.12
2351.92
2068.06
2836.75
2598.80
2632.68
2770.22
2290.59
2450.80
2105.60
2377.42
2453.06
2983.78
2378.12
2285.70
2368.43
2258.89
2117.61
2668.49
3340.57
