1
2
5
3
2
668
1331
2035
2687
3302
3996
4683
5349
5987
6632
7344
8028
8646
9308
10118
10640
11386
12065
12743
13460
14106
14562
15297
16018
16677
17332
17949
18689
19367
20037
