17
16
149931
149908
10014
149986
80014
150000
150000
149812
15
0
18
1
71
