You have to tap 6 tiles.
You have to tap 12 tiles.
You have to tap 7 tiles.
You have to tap 13 tiles.
Damaged billboard.
You have to tap 0 tiles.
You have to tap 15 tiles.
You have to tap 11 tiles.
You have to tap 1 tiles.
You have to tap 44 tiles.
You have to tap 38 tiles.
You have to tap 41 tiles.
You have to tap 54 tiles.
You have to tap 1 tiles.
You have to tap 2 tiles.
You have to tap 3 tiles.
You have to tap 3 tiles.
You have to tap 2 tiles.
You have to tap 1 tiles.
You have to tap 0 tiles.
Damaged billboard.
You have to tap 2 tiles.
You have to tap 2 tiles.
You have to tap 1 tiles.
You have to tap 1 tiles.
You have to tap 1 tiles.
You have to tap 4 tiles.
You have to tap 5 tiles.
You have to tap 3 tiles.
You have to tap 5 tiles.
You have to tap 5 tiles.
You have to tap 4 tiles.
You have to tap 0 tiles.
You have to tap 1 tiles.
You have to tap 1 tiles.
Damaged billboard.
You have to tap 3 tiles.
You have to tap 3 tiles.
You have to tap 2 tiles.
You have to tap 7 tiles.
You have to tap 5 tiles.
Damaged billboard.
You have to tap 8 tiles.
You have to tap 6 tiles.
Damaged billboard.
You have to tap 9 tiles.
You have to tap 9 tiles.
You have to tap 2 tiles.
Damaged billboard.
You have to tap 2 tiles.
Damaged billboard.
You have to tap 6 tiles.
You have to tap 4 tiles.
You have to tap 6 tiles.
You have to tap 6 tiles.
You have to tap 9 tiles.
Damaged billboard.
You have to tap 18 tiles.
You have to tap 10 tiles.
You have to tap 14 tiles.
Damaged billboard.
You have to tap 18 tiles.
Damaged billboard.
You have to tap 3 tiles.
You have to tap 7 tiles.
Damaged billboard.
You have to tap 9 tiles.
You have to tap 14 tiles.
You have to tap 8 tiles.
You have to tap 15 tiles.
You have to tap 17 tiles.
You have to tap 9 tiles.
You have to tap 18 tiles.
You have to tap 24 tiles.
Damaged billboard.
You have to tap 24 tiles.
You have to tap 23 tiles.
Damaged billboard.
You have to tap 3 tiles.
You have to tap 7 tiles.
You have to tap 2 tiles.
You have to tap 12 tiles.
You have to tap 10 tiles.
Damaged billboard.
You have to tap 10 tiles.
You have to tap 22 tiles.
Damaged billboard.
You have to tap 17 tiles.
You have to tap 19 tiles.
Damaged billboard.
You have to tap 27 tiles.
You have to tap 21 tiles.
You have to tap 1 tiles.
Damaged billboard.
You have to tap 4 tiles.
You have to tap 3 tiles.
You have to tap 6 tiles.
You have to tap 5 tiles.
You have to tap 5 tiles.
Damaged billboard.
You have to tap 12 tiles.
Damaged billboard.
You have to tap 13 tiles.
You have to tap 13 tiles.
You have to tap 15 tiles.
Damaged billboard.
You have to tap 17 tiles.
Damaged billboard.
You have to tap 1 tiles.
You have to tap 1 tiles.
You have to tap 1 tiles.
You have to tap 2 tiles.
You have to tap 3 tiles.
You have to tap 3 tiles.
You have to tap 8 tiles.
You have to tap 5 tiles.
Damaged billboard.
You have to tap 6 tiles.
You have to tap 5 tiles.
Damaged billboard.
You have to tap 7 tiles.
You have to tap 6 tiles.
You have to tap 85 tiles.
You have to tap 74 tiles.
You have to tap 46 tiles.
Damaged billboard.
You have to tap 13 tiles.
Damaged billboard.
You have to tap 52 tiles.
Damaged billboard.
You have to tap 30 tiles.
You have to tap 69 tiles.
You have to tap 3 tiles.
You have to tap 21 tiles.
Damaged billboard.
You have to tap 16 tiles.
You have to tap 81 tiles.
Damaged billboard.
Damaged billboard.
You have to tap 64 tiles.
Damaged billboard.
Damaged billboard.
You have to tap 66 tiles.
You have to tap 28 tiles.
You have to tap 64 tiles.
Damaged billboard.
Damaged billboard.
Damaged billboard.
You have to tap 49 tiles.
Damaged billboard.
You have to tap 84 tiles.
You have to tap 9 tiles.
You have to tap 83 tiles.
You have to tap 61 tiles.
You have to tap 34 tiles.
Damaged billboard.
You have to tap 32 tiles.
You have to tap 60 tiles.
Damaged billboard.
Damaged billboard.
You have to tap 7 tiles.
You have to tap 72 tiles.
You have to tap 3 tiles.
Damaged billboard.
You have to tap 9 tiles.
You have to tap 17 tiles.
You have to tap 12 tiles.
You have to tap 48 tiles.
Damaged billboard.
You have to tap 51 tiles.
Damaged billboard.
You have to tap 35 tiles.
Damaged billboard.
You have to tap 42 tiles.
Damaged billboard.
You have to tap 2 tiles.
You have to tap 2 tiles.
Damaged billboard.
You have to tap 75 tiles.
You have to tap 4 tiles.
You have to tap 14 tiles.
You have to tap 97 tiles.
Damaged billboard.
Damaged billboard.
You have to tap 16 tiles.
You have to tap 52 tiles.
Damaged billboard.
Damaged billboard.
You have to tap 10 tiles.
You have to tap 62 tiles.
You have to tap 39 tiles.
You have to tap 21 tiles.
You have to tap 8 tiles.
You have to tap 13 tiles.
Damaged billboard.
You have to tap 34 tiles.
You have to tap 25 tiles.
You have to tap 40 tiles.
Damaged billboard.
You have to tap 19 tiles.
You have to tap 13 tiles.
You have to tap 29 tiles.
You have to tap 3 tiles.
Damaged billboard.
You have to tap 57 tiles.
You have to tap 31 tiles.
You have to tap 10 tiles.
You have to tap 4 tiles.
You have to tap 72 tiles.
You have to tap 11 tiles.
Damaged billboard.
You have to tap 52 tiles.
Damaged billboard.
You have to tap 18 tiles.
Damaged billboard.
Damaged billboard.
You have to tap 37 tiles.
You have to tap 5 tiles.
You have to tap 106 tiles.
Damaged billboard.
Damaged billboard.
Damaged billboard.
