It is possible to cover 2 points.
It is possible to cover 2 points.
It is possible to cover 2 points.
It is possible to cover 2 points.
It is possible to cover 2 points.
It is possible to cover 2 points.
It is possible to cover 2 points.
It is possible to cover 2 points.
It is possible to cover 1 points.
It is possible to cover 1 points.
It is possible to cover 1 points.
It is possible to cover 1 points.
It is possible to cover 1 points.
It is possible to cover 1 points.
It is possible to cover 1 points.
It is possible to cover 1 points.
It is possible to cover 8 points.
It is possible to cover 4 points.
It is possible to cover 16 points.
It is possible to cover 11 points.
It is possible to cover 18 points.
It is possible to cover 11 points.
It is possible to cover 9 points.
It is possible to cover 13 points.
It is possible to cover 8 points.
It is possible to cover 11 points.
It is possible to cover 4 points.
It is possible to cover 17 points.
It is possible to cover 10 points.
It is possible to cover 8 points.
It is possible to cover 8 points.
It is possible to cover 12 points.
It is possible to cover 5 points.
It is possible to cover 6 points.
It is possible to cover 3 points.
It is possible to cover 12 points.
It is possible to cover 18 points.
It is possible to cover 20 points.
It is possible to cover 4 points.
It is possible to cover 18 points.
It is possible to cover 16 points.
It is possible to cover 5 points.
It is possible to cover 19 points.
It is possible to cover 11 points.
It is possible to cover 23 points.
It is possible to cover 16 points.
It is possible to cover 2 points.
It is possible to cover 12 points.
It is possible to cover 8 points.
It is possible to cover 13 points.
It is possible to cover 4 points.
It is possible to cover 22 points.
It is possible to cover 3 points.
It is possible to cover 21 points.
It is possible to cover 9 points.
It is possible to cover 13 points.
It is possible to cover 3 points.
It is possible to cover 2 points.
It is possible to cover 24 points.
It is possible to cover 1 points.
It is possible to cover 22 points.
It is possible to cover 6 points.
It is possible to cover 8 points.
It is possible to cover 14 points.
It is possible to cover 27 points.
It is possible to cover 11 points.
It is possible to cover 9 points.
It is possible to cover 2 points.
It is possible to cover 2 points.
It is possible to cover 11 points.
It is possible to cover 7 points.
It is possible to cover 2 points.
It is possible to cover 9 points.
It is possible to cover 31 points.
It is possible to cover 11 points.
It is possible to cover 23 points.
It is possible to cover 31 points.
It is possible to cover 5 points.
It is possible to cover 3 points.
It is possible to cover 35 points.
It is possible to cover 8 points.
It is possible to cover 25 points.
It is possible to cover 32 points.
It is possible to cover 8 points.
It is possible to cover 7 points.
It is possible to cover 33 points.
It is possible to cover 47 points.
It is possible to cover 42 points.
It is possible to cover 26 points.
It is possible to cover 32 points.
It is possible to cover 21 points.
It is possible to cover 29 points.
It is possible to cover 45 points.
It is possible to cover 40 points.
It is possible to cover 11 points.
It is possible to cover 38 points.
It is possible to cover 8 points.
It is possible to cover 23 points.
It is possible to cover 3 points.
It is possible to cover 16 points.
It is possible to cover 22 points.
It is possible to cover 30 points.
It is possible to cover 14 points.
It is possible to cover 32 points.
It is possible to cover 9 points.
It is possible to cover 2 points.
It is possible to cover 56 points.
It is possible to cover 52 points.
It is possible to cover 49 points.
It is possible to cover 73 points.
It is possible to cover 18 points.
It is possible to cover 156 points.
It is possible to cover 13 points.
It is possible to cover 15 points.
It is possible to cover 1 points.
It is possible to cover 111 points.
It is possible to cover 276 points.
It is possible to cover 1463 points.
It is possible to cover 19 points.
It is possible to cover 43 points.
It is possible to cover 19 points.
It is possible to cover 19 points.
It is possible to cover 22 points.
It is possible to cover 24 points.
It is possible to cover 27 points.
It is possible to cover 37 points.
It is possible to cover 23 points.
It is possible to cover 21 points.
It is possible to cover 36 points.
