The last ant will fall down in 13 seconds.
The last ant will fall down in 900000 seconds.
The last ant will fall down in 0 seconds.
The last ant will fall down in 900000 seconds.
The last ant will fall down in 0 seconds.
The last ant will fall down in 99999 seconds.
