Electrician needs 1 trips.
Electrician needs 1 trips.
Bad luck!
Electrician needs 1 trips.
Electrician needs 1 trips.
Electrician needs 1 trips.
Electrician needs 1 trips.
Electrician needs 1 trips.
Electrician needs 1 trips.
Electrician needs 1 trips.
Electrician needs 1 trips.
Electrician needs 1 trips.
Electrician needs 1 trips.
Electrician needs 1 trips.
Electrician needs 1 trips.
Electrician needs 1 trips.
Electrician needs 1 trips.
Electrician needs 1 trips.
Electrician needs 1 trips.
Electrician needs 1 trips.
Electrician needs 1 trips.
Electrician needs 1 trips.
Electrician needs 1 trips.
Electrician needs 1 trips.
Electrician needs 1 trips.
Electrician needs 1 trips.
Electrician needs 1 trips.
Electrician needs 1 trips.
Electrician needs 1 trips.
Electrician needs 1 trips.
Electrician needs 1 trips.
Electrician needs 1 trips.
Electrician needs 1 trips.
Electrician needs 1 trips.
Electrician needs 1 trips.
Electrician needs 1 trips.
Electrician needs 1 trips.
Electrician needs 1 trips.
Electrician needs 1 trips.
Electrician needs 1 trips.
Electrician needs 1 trips.
Electrician needs 1 trips.
Electrician needs 1 trips.
Electrician needs 1 trips.
Electrician needs 1 trips.
Electrician needs 1 trips.
Bad luck!
Electrician needs 1 trips.
