Escape possible in 9 steps.
The poor student is trapped!
Escape possible in 7 steps.
Escape possible in 7 steps.
Escape possible in 9 steps.
Escape possible in 26 steps.
Escape possible in 1125 steps.
Escape possible in 429 steps.
Escape possible in 22 steps.
Escape possible in 888 steps.
Escape possible in 64 steps.
Escape possible in 4950 steps.
Escape possible in 8 steps.
Escape possible in 9892 steps.
The poor student is trapped!
Escape possible in 19776 steps.
The poor student is trapped!
Escape possible in 46 steps.
The poor student is trapped!
Escape possible in 9 steps.
Escape possible in 13 steps.
The poor student is trapped!
The poor student is trapped!
Escape possible in 46 steps.
The poor student is trapped!
The poor student is trapped!
The poor student is trapped!
The poor student is trapped!
The poor student is trapped!
The poor student is trapped!
Escape possible in 4 steps.
The poor student is trapped!
The poor student is trapped!
The poor student is trapped!
The poor student is trapped!
The poor student is trapped!
Escape possible in 8 steps.
Escape possible in 16 steps.
Escape possible in 93 steps.
Escape possible in 38 steps.
Escape possible in 4 steps.
Escape possible in 19 steps.
Escape possible in 4 steps.
The poor student is trapped!
The poor student is trapped!
Escape possible in 47 steps.
Escape possible in 30 steps.
The poor student is trapped!
The poor student is trapped!
Escape possible in 2 steps.
Escape possible in 5 steps.
Escape possible in 4 steps.
The poor student is trapped!
The poor student is trapped!
The poor student is trapped!
Escape possible in 4 steps.
Escape possible in 1 steps.
The poor student is trapped!
Escape possible in 21 steps.
The poor student is trapped!
The poor student is trapped!
The poor student is trapped!
The poor student is trapped!
Escape possible in 20 steps.
The poor student is trapped!
The poor student is trapped!
Escape possible in 30 steps.
Escape possible in 16 steps.
The poor student is trapped!
The poor student is trapped!
The poor student is trapped!
Escape possible in 56 steps.
The poor student is trapped!
Escape possible in 17 steps.
The poor student is trapped!
The poor student is trapped!
Escape possible in 1 steps.
Escape possible in 12 steps.
The poor student is trapped!
Escape possible in 31 steps.
Escape possible in 68 steps.
Escape possible in 39 steps.
The poor student is trapped!
Escape possible in 21 steps.
The poor student is trapped!
The poor student is trapped!
The poor student is trapped!
Escape possible in 21 steps.
Escape possible in 20 steps.
The poor student is trapped!
The poor student is trapped!
The poor student is trapped!
The poor student is trapped!
Escape possible in 4 steps.
Escape possible in 21 steps.
Escape possible in 27 steps.
The poor student is trapped!
Escape possible in 13 steps.
Escape possible in 41 steps.
Escape possible in 7 steps.
Escape possible in 17 steps.
Escape possible in 69 steps.
The poor student is trapped!
Escape possible in 11 steps.
The poor student is trapped!
The poor student is trapped!
The poor student is trapped!
The poor student is trapped!
Escape possible in 7 steps.
Escape possible in 44 steps.
Escape possible in 17 steps.
Escape possible in 64 steps.
The poor student is trapped!
The poor student is trapped!
Escape possible in 31 steps.
Escape possible in 10 steps.
Escape possible in 40 steps.
The poor student is trapped!
Escape possible in 8 steps.
Escape possible in 57 steps.
The poor student is trapped!
The poor student is trapped!
Escape possible in 72 steps.
The poor student is trapped!
The poor student is trapped!
Escape possible in 41 steps.
Escape possible in 9 steps.
Escape possible in 54 steps.
Escape possible in 90 steps.
Escape possible in 23 steps.
The poor student is trapped!
Escape possible in 36 steps.
Escape possible in 49 steps.
The poor student is trapped!
The poor student is trapped!
The poor student is trapped!
Escape possible in 3 steps.
Escape possible in 45 steps.
The poor student is trapped!
Escape possible in 5 steps.
Escape possible in 8 steps.
Escape possible in 16 steps.
Escape possible in 69 steps.
Escape possible in 21 steps.
Escape possible in 33 steps.
Escape possible in 33 steps.
Escape possible in 35 steps.
Escape possible in 10 steps.
Escape possible in 7 steps.
The poor student is trapped!
Escape possible in 13 steps.
Escape possible in 53 steps.
Escape possible in 3 steps.
Escape possible in 76 steps.
Escape possible in 52 steps.
Escape possible in 21 steps.
The poor student is trapped!
Escape possible in 101 steps.
The poor student is trapped!
Escape possible in 15 steps.
The poor student is trapped!
Escape possible in 26 steps.
Escape possible in 5 steps.
Escape possible in 68 steps.
The poor student is trapped!
Escape possible in 3 steps.
The poor student is trapped!
The poor student is trapped!
Escape possible in 56 steps.
The poor student is trapped!
The poor student is trapped!
Escape possible in 40 steps.
The poor student is trapped!
Escape possible in 2 steps.
Escape possible in 64 steps.
Escape possible in 111 steps.
Escape possible in 92 steps.
