WNESWN
NESW
ENESENESENESESWSESWSESWSWNWSWNWSWNWNENWNENWN
ESWNESWNESWNENWSENWSENWSWN
NESWSESWNE
WSESWNENES
NWNESESWSW
SWNWNESWSE
WSESWNWNES
NESWSESWNW
WNESWSESWN
ESWSESWNEN
WSWNWNESWS
WNESWSESWN
SWSWSWNWNENE
SESWSWNENENE
NWNENESWSESW
ESESESWNWNWN
SWNENWNESWSW
WSWNWNENESES
WNENWNESESWS
NWNESWSESWNE
NWNWNESWSESW
WSWNWNWNESWS
ESWNENENESWS
ENESESWSWNWN
ESWSESWNENWN
ENWNESWSESWN
WNENESESWSESWN
WNESESWSESWNWN
SESWSWNWNWNESE
ENENESWSESWSWN
SESWSWSWNWNWNE
SESWSWNENENESW
NWNENESWSESWSW
ESESWSESWNENWN
ESWSESESWNWNWN
ENESESESWSWNWN
SESWSWSWNENENWNE
SESESWNENWNWNESW
WSESESWNENWNENES
NWNWNESWSESWSWNW
ESWNENWNENESESWS
SWNENWNENESWSWSE
WNESESESWSWNENWN
NESWSESESWNWNENE
WSESESWNWNENWNESWS
ESWNWNWNENESESWSES
ESWSWSWSESWNWNENEN
ENENESWSESESWSWNWN
SWNENENWNESWSWSESW
WSESWNWNENENESESES
SWSESESWSWNWNENWNENE
SESESWSWNWNENENWNESE
ESWNWNWNENWNESESWSES
NESESWSWSESWNENWNWNW
WSWNWNWNENWNESESWSES
WNWNENENWNESWSESESWSWS
SWSESWNWNENWNWNESESWSE
WNENWNWNESWSESWSESWSWN
NENENESWSWSESESWSWNENW
SWSWNWNENENWNWNESESWSESE
NENESWSWSWSESESWNWNWNENW
ESWNENWNENWNWNESESWSWSES
ESESWSWSWSWNWNENWNENWNESWS
WNESWSESESESWSESWNENENWNWN
NENWNWNENENESWSWSESESWSESW
ENWNWNWNESWSESWSESESWSWNWNEN
ESWSWSESWSWSWNWNENWNENWNENES
NWNWNENWNENESESWSESESESESWNE
ESESESWSESESWSESWNWNENENWNENWN
NWNENWNWNESWSESESWSESESWSWNENE
ESESWSWSESESWSWSWNENWNENENWNENWN
NENWNESWSESWSESWSWSWSWNWNWNWNWNE
NENENENWNWNENWNESWSESWSESWSWSWSESW
SESESWSESESWNENWNWNWNENWNENESESWSE
WSESWNWNWNENWNENENWNENESESESWSESWSWS
SESWSWNWNWNENENWNENWNWNESWSWSESWSESESW
ENWNENWNENENWNENESESWSWSESWSESWSWSESWN
WNENENWNWNWNENESWSESESESWSESWSESWSWNWNEN
NWNENESESWSESWSESESESESWSESWNWNENWNWNWNENW
ESWSESWSESESWNENWNENWNWNENWNWNENWNESESESWSWS
SWSESWSESWSESESESWNENENENWNENWNWNENENWNESWSESW
WNWNESESWSESWSESWSESWSESWSESWNENWNWNENENWNWNENWN
WNENWNESESWSESESESWSWSESWSESESWSWNENWNWNENENENWNEN
SESWSESESWSWNWNENWNENENWNENENWNENENWNESWSWSESWSWSESE
SESWSESWSWSESESWSWSESWSESWNENENWNWNENWNWNWNENENWNENWNESW
NWNENENWNENWNENWNENESESWSESWSWSESESWSESWSWSESWSESWNENWNWNE
NWNESESESWSESESWSESWSESESESWSWSESWSWNWNWNENWNENENWNENWNENWNWNE
ESWSWSWSESWSWSWSESWNENWNWNENWNENWNENWNENWNENWNENWNESWSWSESESWSESWS
ESWSESWSWSWSESWNENENWNWNENWNENWNENENWNENWNENENWNENESESWSESESWSWSESWSWSWS
NENWNENWNWNENWNENWNENENENWNWNENESWSWSESWSESWSESESWSESWSESESWSESESWSWSWNENENW
WSWSWSESWSESWSESESWSESWSESWSWNWNENENWNENENWNENENWNWNENENWNENWNENWNENENESESESWSWSESES
SESWSWSWSWSESWSWSWSESWSESWSESWSWSWNENWNENENWNWNENWNENENENENWNWNWNENWNWNENWNWNESESESESWSESW
WSESWSESWSESWSESESWSESESWSESESWSESESWSESWSWNENENENWNENWNENWNENWNWNWNENENWNENWNENWNENENWNENENESWSESES
ENENWNENENWNWNESESWSESWSESWSESESWSESESWSESESWSWSESWSWSWSESWSESWSESWSESWNENENENWNWNENENWNENWNWNENENWNENWNENWNENWN
NENWNWNENWNENWNENWNENWNENWNENENWNENWNWNENENWNENWNENENWNWNESESESWSWSESWSWSESESESWSESWSESESWSWSESWSESWSWSESESWSWSESWSWSESWSWNWNE
WSESESWSESWSWSESWSESWSESESWSWSESWSESESWSWSWNWNWNENWNENWNENENWNENENWNENENWNENENENWNWNENWNWNENENWNENENENWNWNENWNENESWSESESWSESWSESWSESWSWSESESES
WSWSESWSESWSESWSESWSESESWSWSESWSESWSWSESESESESWSESESWSWSWNWNENENENWNWNENWNENENWNENENENWNWNENWNENENENWNWNENENENWNENWNWNENENWNENENWNWNENENWNESWSWSESWSESESWSWSESESWSESES
NWNWNESESESWSESWSESESESWSESESWSESWSESWSESWSESWSWSWSESWSESESWSWSESESWSWSWSESESWSWSESWSESESWSESWSESWSESESWSWNENWNENWNENWNWNENWNENENENWNENWNWNENWNWNWNENENWNWNWNENENWNENENENENWNENENENWNENWNENWNENWNWNWNENW
WNWNENWNWNENENENENWNWNENWNENWNENENWNWNENWNENENESESWSESESWSWSESWSESWSWSESWSESWSESWSESWSESWSESWSESESESESWSESWSESWSESWSWSESWSESESWSWSWSESESWSESWSESWSWSWSESESWSESESWSWSESWSESESWNENWNENENWNWNENENWNENWNENWNENWNENENWNENWNENENWNENWNWNENENWNENENWNENENWNENENEN
SESWSWSESESESESWSWSWSESWSESWSWSESWSESWSWSESWSWSWSESESWSESESWSWSESWSWSESWSESESESWSESWNWNENENWNWNWNENENWNENENWNWNENENWNWNENENWNENENWNENWNWNENWNWNENWNWNENWNENWNENWNENWNENENWNENWNENWNENWNENWNWNENWNWNWNENENWNENWNENWNENWNENWNENWNWNENWNENWNENWNENWNWNWNENENESESWSWSESESESWSESWSESESESWSWSESESWSESWSESWSESWSESWSESESWSWSESESWSWSWSESESWSESESESESW
NWNENENWNENWNENWNENENENWNWNENENENWNWNENENENWNWNWNENENWNENWNENWNENWNENENWNWNWNENENENWNWNWNENWNENENWNWNENWNENENWNENWNWNENWNWNENWNENENENWNENWNENENWNENWNENWNENENWNENENWNENESESWSESWSESWSESWSESWSESESWSWSWSESWSWSESESWSESWSWSWSESESWSWSESESWSWSWSWSWSWSESESWSESWSWSWSESWSESWSESWSESWSESWSESWSWSWSESWSESWSESESWSESWSESWSWSWSWSESESWSESWSWSWSESWSESESWSESWSWSESWSESWSWSWSESWSWSWSESWSESESESWSESESWSWSESESWSWSESESWSWSESWSESWSWSESWSESWSWNENWNENWNWNENENWNENWNENENWNENWNENWNWNWNENWNENWNENWNWNENWNENWNENENWNWNENWNWNENWNENE
NWNWNENENWNENWNWNWNENWNWNENENWNENWNENENWNENENWNENWNWNENWNWNENENWNWNENWNENENWNWNWNWNWNENWNENWNENWNENENENWNENWNWNENENENWNWNWNENWNWNENENWNENENWNENWNWNENWNENWNENENWNENENWNENWNWNWNENENWNWNENWNWNENWNWNENENWNENWNWNWNWNENWNWNENWNENWNENWNENWNENWNENWNENENWNENWNENWNWNENENENWNENWNWNENWNENWNWNWNENWNENENENWNWNENENWNENWNWNENENWNENWNENENWNENWNENWNENENWNENWNENENESWSESESWSWSWSESWSESESWSESWSWSWSWSESESWSWSESESWSESESESESWSWSWSESWSESWSESWSESESWSWSESWSESWSESWSESESESESWSESWSESESESWSESESWSESWSESWSESESWSWSESWSESWSESESWSWSESESESWSESESWSWSESWSESWSESWSWSESESESWSWSWSESESWSWSESESWSWSWSESESWSESESWSWSESWSESESWSESWSWSESESWSESWSESESESWSESESWSWSESESESESWSESWSESWSWSESWSWSESESESWSESWSESWSESESWSESWSWSESWSESESWSESWSESWSESWSESWSWSESWSWSESESWSWSESWSESWSESWSESWSESWSESESESWSESESWSESWSESWSESWSWSESESWSESESWSWSESESWSWSESWSESWSWSWSESWSESWSESESWSESESESWSESESWSWSESWSWSESESWSWSESESWSWSWNWNENENWNENENENWNENWNWNENWNENENWNENWNENWNWNENWNENWNWNENENWNWNENENWNENWNWNENENWNENENWNWNWNENWNENWNENWNWNWNWNENWNWNENWNWNENWNENWNENWNENWNENWNENENWNENWNENE
NENWNENENWNENWNWNENENWNENWNWNENENWNENWNWNWNENENWNENWNENWNENENWNWNENWNENWNWNWNWNENWNENWNWNENENWNWNENESESWSWSESESWSWSWSWSWSESWSESWSESWSESWSESWSESESESWSESWSWSESWSESWSESESWSESWSESESWSWSESESESWSESWSESESWSESWSWSESESWSESWSWSESWSWSESWSESESWSWSESWSESWSESWSESWSWSWSESWSWSESWSESESWSWSWSWSESESWSWSESWSWSESWSESWSWSWSESWSESWSESESESWSESWSESWSWSESESWSESWSESWSWSESWSESWSESWSWSESWSWSWSESWSESESWSWSESESWSWSESWSWSWSESESWSWSWSESESESWSESESWSESWSESWSESWSWSESWSESWSESWSESESESWSESWSESESWSESESWSWSESWSESESESWSWSWSWSESWSESESESWSESWSESESWSWSESWSWSWSESWSESWSESESWSWSESWSESWSESWSWSESWSESWSWSESESESWSESWSESWSWSESWSWSWSWSWSWSWSESESWNWNENWNWNENWNENWNENWNWNENWNWNENENENENWNENWNWNENWNWNWNENENWNENWNENENWNENWNENWNENWNENENENWNENWNENWNENWNENWNENWNENWNENENENENWNWNENWNENWNENWNWNWNENENWNWNENWNENWNWNWNENENWNWNWNENENWNENWNENWNENENWNENENWNENENENWNENWNENWNENWNENWNENENWNENWNENWNWNENENENWNWNWNWNENENWNWNENWNWNENENWNENWNENENENWNWNENWNENWNWNENENWNENWNENWNENWNENWNENENWNENWNENWNENWNWNENENWNENWNWNENWNWNENENENWNENWNENWNWNENENWNWNENENWNWNENENWNWNENW
WSESWSESWSESWSWSESESESWSESESESESWSWSESWSWSESWSWSWSESWSWSESWSESESWSESWSESWSESWSWSESESWSWSESESESWSWSWSWSESWSWSESWSESESWSESWSESESWSESWSWSESWNWNENWNWNWNENENENWNENENWNWNWNENENWNENENWNWNWNENWNENWNENENENENENWNENWNENWNENWNENWNWNENWNENWNENWNENENWNENENWNENENWNENWNENWNENENWNENWNENENWNENENWNWNENENWNENWNENWNENENWNWNWNENWNWNENENWNWNWNWNENENWNENWNENENWNENWNWNENENENWNENENENENWNWNENENENWNWNENWNWNENWNWNENENWNWNWNENENENWNWNENWNWNENWNWNENWNENWNENWNWNENENWNENWNENWNWNENWNENWNENWNENENWNWNENENWNENENWNENWNENWNENENWNWNENWNENWNWNWNENWNWNENWNWNENWNENENWNENWNENENWNENWNENENWNENENWNWNENENWNWNENWNENWNWNENENWNWNENWNWNWNENWNENENWNENWNWNENENWNWNENENENENENWNWNENWNESESWSWSESESWSESESWSESWSESESESESWSWSESESESESWSWSWSESESWSESESWSESESWSESWSESESESESWSESWSWSESESWSESESWSWSWSESESWSESWSESESWSESWSWSWSWSESWSESWSESWSESESESWSESWSWSESWSESWSESWSESWSESESWSESESWSESWSWSWSWSESWSWSESESESWSWSESESWSWSESWSESWSWSWSESWSESESWSWSWSESWSWSESWSESWSESWSWSESWSWSESESWSESWSWSESWSWSESESWSESWSESWSWSWSESESESWSWSWSESESWSWSESWSWSESESWSESWSWSESESESWSWSESESWSESES
NWNWNWNENWNENWNWNENENWNENENWNENWNWNENWNENENENWNWNWNENENWNENWNENENWNWNENENWNWNWNENENWNENWNENWNENWNWNWNENWNENWNWNENWNENWNENWNENWNWNWNENWNENWNWNENWNWNENWNENENWNENENENWNENENWNENENWNENWNENENWNENENENWNWNENWNWNENENWNENWNENWNENWNENWNENWNENENWNWNENWNENWNENWNENWNWNENENWNENENWNWNENENWNWNWNWNENWNENENWNWNENWNENWNENWNENWNWNWNENWNWNENENWNWNENENWNENWNENENWNENWNENWNENWNWNWNENWNWNWNWNENWNENWNWNENWNENENENWNENWNENENWNENWNENWNENWNWNENENWNENWNWNWNENWNENENENENWNWNWNENENENENWNENENWNENESESESWSESESWSESESWSWSWSESWSESWSESWSWSWSESWSESWSESWSESWSESWSESESWSWSWSESESWSESWSWSESWSWSESESWSESWSESWSWSESWSWSESWSESESWSWSESESESWSWSWSESWSESWSESESESWSESWSWSWSESWSESESWSESWSESWSWSWSESWSWSWSESWSWSWSESWSWSESWSWSWSESWSWSESWSWSESESWSESWSESESWSESWSWSWSESESWSESESWSESWSESWSWSESWSESWSESWSESESESWSESWSWSESESWSWSWSWSESWSESESWSESWSESWSESWSWSWSESESWSESWSESESESESWSESWSWSESWSESESESESWSESWSWSWSESWSESWSESWSESESWSWSESESWSWSESWSESWSESWSESWSESESWSWSWSWSESWSESESESESWSESESESWSESWSESWSWSESWSWSESESWSWSESWSESESWSWSWSWSWSWNWNWNWNWNENWNENENENENWNENWNWNENENE
NWNENENWNWNENENENWNENWNWNENWNENWNENWNENENWNWNENENENENWNENWNWNENENWNENWNENENWNWNENWNENWNWNENWNENWNENENWNWNENWNENWNWNENWNENENENWNENWNENWNENENWNENENWNENENWNENWNWNENWNENENENWNENENWNWNWNENWNWNENWNENWNENENENWNWNENENWNENWNWNWNENENWNENENWNENWNENWNWNENENWNENENWNWNENENWNWNWNENENWNWNENENWNENWNENWNENENWNENWNWNENWNWNENWNWNENWNWNWNENWNENWNENENENWNENWNWNENENENWNENENENWNENWNENENWNENENWNENWNWNWNENENENWNWNENENWNENWNENENWNWNENENENWNESWSWSESWSESESWSESESWSESESWSESWSESESESWSWSESWSWSESWSWSWSESESWSESESESWSESESWSESESWSESESESWSESWSESESESESESWSESWSWSWSESWSESWSESWSWSESESESWSWSWSWSESESWSWSWSESWSESESWSWSESWSWSESWSESWSESWSESESWSESWSESWSESWSWSESESESESESWSWSESESWSWSWSESWSWSESWSESWSESWSESESWSESWSESWSESESESWSWSWSWSESWSESWSESWSESWSESWSWSESWSESESESESWSWSWSESESWSWSESWSESESESWSESWSWSESESESWSESWSWSESESWSESWSWSWSESESWSESWSESWSWSWSESWSESESWSESWSESESWSESWSESESWSWSESWSESWSWSESWSWSESWSESWSESESWSESESWSWSWSESESESESESWSWSESESWSWSESWSESESESWSWSESWSESWSWNENWNWNENWNENWNWNWNENWNWNENENENENENENWNENWNENWNENWNENENWNENWNENWNENWNENWNWNENWNWNE
ENENWNENENWNENENENENWNENENWNENENWNWNWNENENENWNENENWNWNWNENENWNWNENENWNENENWNENENWNENENWNWNWNENWNENWNENENENWNWNWNWNWNENENWNWNENWNENENWNENENENWNENENWNWNENWNWNENENENWNESWSWSWSESESWSWSWSESESESWSWSESESESESWSESESWSESESESWSWSWSESESWSWSESESESESWSWSWSESESWSWSESESWSWSESESWSESESESWSESWSWSWSWSESWSESWSESWSESESESWSWSWSESWSESESESESWSESWSESWSESWSESESESWSESESWSESWSWSESWSWSESWSESESWSESESWSESESWSESESWSESWSESWSWSWSESWSESWSESESWSWSESESESESWSESESWSESWSESWSWSESWSESESWSWSWSWSESESESWSESWSWSESESESWSWSESESWSESWSWSESWSESWSWSWSESWSESESWSESWSESWSESESWSESWSWSWSESWSESWSESWSWSESWSESESWSWSESESESESWSESWSWSESWSWSESWSWSESWSESWSESWSWSWSESESWSESWSESWSESESWSWSESWSESESWSWSESWSESESESWSESESWSESESWSWNENENWNENWNENWNENWNENWNENWNENENWNENWNWNENWNWNENENWNWNENWNWNWNENENWNENWNENENWNWNENWNENWNENENENWNENWNENWNWNENWNENWNWNENWNENWNENENWNENWNWNENENENENWNENWNWNENENWNENWNENWNWNENENWNWNENWNENENWNENWNWNENWNENWNENENWNWNENWNWNWNWNWNWNENWNENWNENWNENENWNENENWNWNENWNENENWNENWNWNWNENWNWNENENENWNWNWNENWNENWNENENWNENENWNENWNWNENWNENWNENWNWNWNWNWNWNENWN
NWNWNWNENWNENWNENENWNWNWNENWNWNENENENWNENWNWNENWNENWNENENWNENENWNWNENENENWNENWNWNWNWNENWNWNENWNWNENENENWNENWNWNWNENWNWNENENESESESWSESWSWSESWSWSESWSWSESWSESWSESWSESESWSWSESWSESWSESESWSESESWSESESWSESESWSESESWSESWSWSESESWSESESESWSESESWSESWSWSESWSWSESWSESWSWSESESWSWSESESWSWSESWSESWSESESWSESESESESWSESWSWSESWSESESESWSWSESWSESWSWSESWSESESWSESESWSESWSWSESWSESESESWSWSESESESWSESWSESESWSWSESWSESWSESWSWSWSESWSESESWSESWSESWSWSESWSESESWSESWSESESESWSESWSESESESWSESWSWSESWSWSESWSESESWSESESWSESWSWSWSESESWSWSESESWSESWSWSWSESWSWSESESWSESWSESWSESWSESWSWSESESWSWSESESWSESESWSWSESWSESWSWSWSWSESWSWSESESWSESESWSWSWSESWSESESWSESWSWSWSESESESWSWNWNENENWNENENENWNENWNENWNWNENENWNENWNENWNWNWNWNENWNENWNWNENWNENWNENWNENWNENWNWNENWNENWNENENWNENENWNENWNENWNENWNWNENWNWNENWNENWNENENWNWNENWNENENWNWNWNENENENWNWNWNENWNENWNENWNENWNENWNENWNENWNENENWNENWNWNENWNENENWNENWNWNENWNENWNENENWNWNENENWNWNENWNENENWNENWNENWNENWNENWNWNENENWNENENWNWNENWNENWNENENENWNWNENENWNWNWNENWNWNENWNWNENENWNWNENWNWNENENWNENENWNENENENWNENWNWNENENWNENWNENE
NWNENENWNWNWNENWNENENWNWNENWNWNWNENWNENWNWNWNENWNENENWNWNENWNWNWNWNENWNENENENWNENENENWNWNWNENENWNWNWNENWNENWNENWNENWNENENWNENENWNENENWNWNENENWNENWNENWNENWNENWNWNENWNWNENENENWNENWNENWNWNWNENWNWNWNENENENENWNWNENWNWNENWNESWSESWSWSESWSESWSESWSWSESESWSWSESESWSESWSESWSWSESWSWSESWSWSWSESWSESESWSWSESESWSESWSWSESESWSESWSESWSESESESWSESWSESESWSWSWSWSESWSESWSWSWSESWSWSESWSESWSWSWSESESESWSESWSESESWSWSESWSESESESWSESWSESWSESWSWSESESWSESWSESWSWSWSWSESESWSESESWSWSESWSESESWSWSESESWSWSESESESWSWSESWSESWSESESWSESESESESWSESWSESESWSESESESWSWSESESWSWSESESWSWSWSWSESWSESWSESWSESWSESESWSESWSESWSESESWSESWSESESWSWSESESWSWSESESWSWSESWSESESESWSESWSWSESESWSWSESESESWSESWSWSWSESWSWSESWSESESWSESESWSESESESWSESWSWSWSESWSWSWSESESESWSESWSESWSESWSWNENENWNENENWNWNENWNENWNENENWNWNENWNENWNWNENENWNWNENWNENWNWNENWNWNENWNWNENENWNWNENWNENENENWNWNENWNWNENENWNENWNENWNENWNENWNENWNENWNENWNENWNENENWNENENWNENWNENWNWNENENWNWNENWNENWNENWNENENWNENWNENENENENWNWNENENWNENWNWNENWNWNENENWNWNWNENENWNENENWNENENWNENWNWNENWNWNWNWNENWNENWNWNENENENWNW
NWNENWNENWNENWNENENWNWNENWNENWNENWNENWNWNENWNWNWNENWNENWNWNWNENWNENENWNENENWNWNWNENWNESWSESWSESWSWSWSESWSESWSESWSESWSESWSESWSESWSWSESWSWSESWSESWSESWSESESWSWSESWSESWSESWSESWSESESWSWSWSESWSWSESWSESESESWSESWSESWSESWSWSWSESWSESWSWSWSESESWSESESWSESWSESESWSESWSESWSESESWSESWSESWSWSESWSWSESESWSESWSESESESWSWSESWSESWSESWSESWSWSWSESWSWSWSESESESWSWSESESWSESESWSESWSWSESWSESESWSESWSWSESWSESESWSESESWSESWSESESWSESESWSESWSESWSESWSWSESESWSESESESESWSWSWSWSWSWSESWSESESESWSESWSESWSESESESWSWSWSESWSWSESWSESESESWSWSWSWSESESWSWSESWSWSWSESESESWSWSWSESWSWSESESWSESWSESWSESWSESWSESESWSESWSWSWSWSWSWSESWSWSWSWNWNENWNENENWNWNWNENWNENWNENWNWNENENENWNENWNWNWNENENWNWNENWNENWNWNENWNENENWNWNENWNWNENENWNWNENENWNENWNWNENENWNWNENWNENENWNWNENWNENENWNENWNWNENWNENWNENWNWNWNENWNENWNENENWNWNENWNWNENWNENENWNENWNENENENWNENWNENENWNENWNENENWNENENWNWNENENWNENWNENENENWNWNENENWNWNENENWNWNENENWNENWNWNWNWNENWNENWNWNENENENWNWNWNENENWNWNWNENENWNENENWNENENENWNWNENWNENENWNENENWNENWNWNENENWNWNENENWNWNWNWNENENWNENENWNENENWNWNENENWNENWNWNENWNWNE
SWSESWSESWSWSESESWSESWSESWNENWNENENENWNENENWNWNWNWNENENENWNWNENWNENWNENENWNENENENWNWNENWNENWNENWNENENWNWNENWNWNENENENENENWNENWNENWNENWNENENENWNWNENWNENWNENWNENWNENWNENWNENWNENWNWNENWNENWNENWNWNENWNWNENWNENWNWNENENWNENWNENWNWNWNWNENWNENWNENWNENWNENWNENWNENWNENWNENENWNENWNWNENENWNENWNWNENWNENWNENENWNENWNENWNENWNWNWNENWNENWNENWNWNENWNWNENENENWNWNENWNENWNENENWNENWNENENWNENWNWNENWNWNENWNENENWNENWNWNENENENWNWNENWNENWNENENENWNENWNENWNWNENWNENENWNWNENENWNWNENWNWNENWNENWNENENWNENENENWNWNENENENENWNENWNENWNENWNWNENENENWNENENENWNENESWSWSESWSESWSESWSWSESWSESESESWSWSWSESWSESWSESESWSWSWSESWSESWSESWSWSESWSESESWSESWSWSESWSWSWSESWSESESESWSWSESWSWSESWSESESWSESWSWSWSWSESWSESWSWSWSWSESWSWSESESESWSWSESWSWSESESWSESWSWSWSESESWSESESWSESESESESESWSWSWSESWSESWSESWSWSESWSESWSWSWSWSESWSESWSESESWSWSESWSESWSWSESESWSWSWSESWSESWSESWSWSESESESESWSWSESESWSESWSESWSWSESWSWSESWSWSESWSWSESWSWSESWSESESWSESWSWSESESWSESESWSESWSWSWSWSESWSESESWSWSWSWSESESWSESWSWSESESWSWSWSWSWSESWSWSESWSESESWSWSESWSESWSWSESWSESESWSESESWSESWSWSESWSE
SWSESWSESESWSESWSESWSWSWSESWSWSESESWSWSESESWSESESWSWSESWSESWSESWSWSESESESWSWSESWSESWSESWSESWSWSESWSESWSESWSESWSESWSESESWSWSESESWSESWSWSESESWSWSESESWSESESWSWSESWSESWSESESWSWSESWSWSESESWNWNENWNENWNWNWNENENWNENWNWNENWNENWNENWNENWNENENWNENWNENENWNENWNWNENWNENWNWNENENWNWNENWNWNWNENWNENENENWNENWNWNWNWNENENWNENENWNWNENWNWNENENWNENWNWNENENWNENWNENENENWNENENWNENWNWNENENWNENWNENWNENWNWNENENWNENENWNENWNWNWNENWNWNWNWNWNENENWNWNENWNWNENWNWNENENWNENWNWNENWNWNENWNENWNENWNENENENWNENWNENENWNWNENWNENENWNENENWNENWNWNENENWNWNWNENWNWNENENENENWNWNENENENWNENWNWNENENENENWNENWNENENWNENENENWNWNENWNENENWNWNENENWNWNWNWNENENWNWNENWNWNENENENWNENWNENWNENWNENWNWNENENWNWNENWNENWNWNENENWNWNENENENWNENENWNWNWNESESESWSWSESESWSESWSWSESESWSESWSESWSESWSESWSESWSESWSESESWSESWSESWSESWSESWSWSESESWSESWSESWSESWSESWSWSESWSWSESWSWSESESWSESESESWSWSESESWSESWSESESWSWSWSESWSWSESWSWSESESWSWSESWSESESWSESWSESESWSESESWSESESWSESWSESWSESESWSESESWSESESWSWSESWSESWSESWSESWSWSWSWSESWSWSWSWSESWSESESWSESWSESWSWSESESESWSESESWSESWSWSESESWSWSESWSWSESE
ESWSWNENES
ESWSWNENES
NESESESWNE
SWSWNWNESE
SESWNWNESW
NESESWSWNE
ESWNENESWS
SWNWNESWSW
SWNWNESWSE
ESWNWNESES
SWNWNWNESESW
SWSWSWNWNENE
WNWNESESESWN
ENESESESWNEN
SWNWNENESESE
SESWNENWNESE
SWNENWNESESW
NENWNESESWSW
WNENESESESWN
NWNESESWSWNW
WNESESWSWNEN
NWNESWSESWNE
NWNESWSESWNE
ENENESWSESWN
ENESESESWSWNWN
SESESWSWNWNENE
ESWSESESWNENWN
WSESESWNENWNES
ESESESWSWNWNEN
WNESWSESWSWNEN
SESWSESWNENWNE
SWSWSESWNWNENE
SWSESWSWNENENE
WNWNWNESESESWS
ESWSWSWSWNENWNWN
SWSESWNENWNWNESW
SESWNWNENENESWSE
SWNENWNENESWSWSE
WNWNWNWNESWSWSES
ESWNENWNENESESES
SWSESESWNWNWNWNE
NESWSESESWNWNENE
ENWNESWSESWSESWNWN
WSWSWNWNENWNESWSES
WSESESWSWNWNENENES
SWNENWNENESESESWSW
WSESESWNWNENWNESWS
ENWNESWSWSWSESWNWN
NESESESWSWSWNENWNENE
NENWNESESWSESWSWNENW
SESWNENWNENWNESESWSW
ESESWSWSESWNENWNENWN
WNENENESESESWSESWNEN
NWNENESESWSESWSESWNWNE
WSWSWSWSWNENWNENWNESES
ENWNWNENESWSESWSWSESWN
SWSWSESWSWSWNWNENWNENE
SESWSESWSESWNENWNENWNWNE
WNENESESESWSESESWNENWNWN
SWSESWNWNENWNWNENESESESW
NWNENENESWSWSWSWSESESWNENE
WSESESWSESWNENENENWNENESES
SESESWSWNENWNENWNENESESWSE
WNWNESESESWSWSESWSWNWNWNENEN
WNENWNENENWNENESESWSESESWSWS
WSESWSESWSESWNENWNENENENWNES
NESESESWSESWSESWSWNENWNENWNENW
ENWNESWSWSESWSESWSWSWNWNENWNEN
ENWNENWNENENESESWSESWSESESWSWNWN
SWNWNENENWNWNENWNESWSESESESWSWSE
WSWSWSWSESESWSWNENWNWNENWNWNENESES
SESWSWSWSESESESWSWNWNENENWNENWNWNE
SESWSESWSESWSESWNWNWNWNENENWNWNENESW
NENWNENWNESWSESWSESWSESWSESWSWNENWNWNE
SWSESWSESESWNWNENENWNWNWNWNENESESESWSE
SESWSWNWNENENWNENENWNENWNESESESWSESWSWSE
WSWSWSWSESESWSESWSESWNWNWNWNENWNWNENWNENES
ESWSWNENENWNWNENWNENWNENWNESWSESESWSWSESESWS
SWSWSESESWSESWSESWSWNWNWNENWNENWNENWNENWNESESW
SESWSESESWSWSESWSWSESWNWNENENWNENENENENWNWNENESW
NENENESESWSWSESWSWSWSESESWSESESWNENWNENWNWNENWNENW
ESWSESESWSWSESESWNENWNENENWNWNENWNENWNENWNESESWSESWS
ESWSWSESESWNWNENENWNENWNWNWNENENWNENWNESESWSESESWSESWSES
NENESWSESWSESWSWSESESESESWSESWSWSWNENWNENWNWNENWNENWNENENE
ESWSESESESWSWSWSESWSWSWNENWNENENWNWNENWNENWNENWNWNENESWSESWSWS
ENWNENWNESESWSWSWSWSESWSESWSESESWSESWSESESWNWNENWNENWNENENWNENENWN
WSESWSWSESESWSESWSESWSESWSWSESWNWNENWNENENWNWNWNWNWNWNENWNENWNENENESWSES
ENWNENWNENENENWNWNWNENENWNENENESWSESESESESWSWSESESESESWSESWSESWSESESWNWNENEN
ESESWSWSESWSWSESWNENWNENWNWNWNENENENWNENWNWNENWNWNENENWNENESESWSWSESWSESWSWSESWSESWS
NENWNENESESESWSWSESESWSESWSESWSESWSWSWSWSESESWSWSWSWSWNWNENENWNWNENWNENWNWNWNENWNENENWNWNE
WSESESESWSWSESESESWSWNENWNENENWNWNWNENENWNWNENWNWNWNENWNENWNENENENWNWNESWSESESWSWSWSESWSESWSESWSESWS
SWSESESWSESESWSESWSWSESESWSESWSWSESWSESWNWNENWNENENENENWNENENWNENWNWNWNENENWNENWNWNENWNENENWNWNESWSESWSESWSESESE
WSESWSESWSESESWSESWSESWSESESWSESWSESESWSESESESWNENWNENWNWNENENWNWNENENWNENWNWNENENWNENWNENWNENWNENWNENWNENENESESWSESWSESWSESES
WNWNENWNWNENESESWSWSWSWSESWSESESWSESWSWSWSESWSESESESWSWSESWSWSESWSESWSWSESESWSESESWSWNENWNENWNWNENWNWNENWNENWNENWNENWNWNENWNWNENWNENWNWNENENEN
WNWNENWNWNWNENWNENENWNENENENWNWNWNENENESWSWSESWSESWSWSESWSWSESESESESESESWSESESWSESWSESWSESESESWSWSESWSESESWSESWSESWSESWSESWNENWNENWNWNWNENENWNWNWNENWNWNENENENWNENWNEN
NWNENENWNWNENWNENENWNENWNENENWNENESWSESESESWSWSESWSWSESWSESWSWSESWSESWSWSWSESWSWSESWSWSESWSESESWSESWSESWSWSESWSWSESWSESESWSESWSESESWSWNENWNWNENENWNWNWNENWNWNWNENENWNWNENENWNENENWNENWNENENWNWNENENWNWNE
SWSESWSESWSWSESESWSWSESWSWSESWSWSWSESWSWSESESWSWSWNENENWNWNENWNWNENENWNWNENWNENWNENWNENWNENENWNWNENWNWNENWNENENENWNENWNENWNWNENWNENWNENWNWNENENENENENWNWNENWNENWNENWNENENWNENESWSESESWSESWSESWSWSWSESESWSWSESESWSESWSESWSWSESWSWSESESESWSWSWSESWSWSWSESESW
NENWNENWNWNENWNENENWNENENWNENWNENWNWNWNENWNWNWNENENWNENENENWNENENWNENWNWNENENWNENWNWNWNENWNWNWNENWNENWNENENWNENWNENWNENENWNENWNENWNENENENWNWNENENENWNESESWSESWSESWSESWSESESWSWSWSESESWSESESESWSWSESWSWSESESWSESWSWSESWSWSWSESWSWSESESWSWSESWSESESWSESWSESWSESWSESWSESWSWSESESWSWSESWSESESWSWSESESESWSESESWSWSESWSESESWSESWSESWNWNENENWNENENENW
SWSESWSESWSESWSWSESWNENWNWNENWNENENENWNWNENENENWNENENWNENWNENWNENWNENWNWNENWNWNENWNENWNWNWNWNENENWNENWNENENENWNWNENWNENWNENENENENWNENWNWNWNENWNWNWNENWNENWNENWNENENENWNENENENWNENENWNWNENWNWNENWNENENWNENWNENWNENENWNENENENENWNENENWNWNENENENWNENWNWNENWNENENWNENENWNENWNENWNESWSWSESWSESESWSESWSWSWSWSESESWSESWSWSESWSWSESWSESESWSESWSWSESWSWSESWSESESWSESESWSESESWSESWSESWSESESWSWSESWSESWSWSESESESWSWSESWSWSESWSESWSWSWSESWSESESESWSESWSESESWSESWSWSESESWSWSWSESESWSESESESWSESWSWSESESWSESWSWSWSESWSESESWSESWSESW
SESESESWSWSESESWSESWSWSESWSESESWSWSESWSESWSESWSWSESESESWSWSWSESWSWSESESESWSWSESESESWSWSESWSESWSESWSWSESESWSESWSESWSWSESESWSESWSESWSESESWSESWSESWSESWSESESWSWSESWSESWSESWSESESWSESWSESWSESWSESWSESWSESWSESESWSWSESESESWSWSESESWSWSESWSESESWSESWSESWSESWSESWSESESWSESWSESWSESWSWSESWSWSESESWSESWSWSESWSWSWSESWSWSWSESWSESWSESESWSESESWSWSESWSESWSESWSWSWSESESWSESWSESESWSESWSESESESESWSESESWSWSESESWSWSWSESWSWSESWSWSESESWSESWSESESWSWSESESWSESWSESESESWSWSESWSWSESWSWSESWSESWNWNWNENWNWNENWNENWNENWNENWNENWNENWNWNWNENENWNENWNWNENWNENWNENWNENENWNENWNWNENENENENWNENWNWNENWNENENWNENENWNWNENWNENWNENWNWNENENWNWNENWNWNWNENWNENWNWNWNENENWNENENWNENWNWNWNENWNWNENENENWNENWNWNWNENWNWNENWNWNENENWNWNENENENWNWNENENWNENENWNWNENENWNENENENWNWNWNENWNENWNWNENWNWNWNWNENWNENWNWNENWNENENENWNENWNWNENENWNENWNENENWNWNENWNWNENENWNWNENWNWNENWNWNWNENENWNENWNWNENWNWNENWNENWNENWNENENWNWNENENWNENWNWNENENENWNENWNENENENWNENENENWNENENWNWNENENWNENWNWNWNENWNENENWNWNENWNENWNWNWNENWNENWNWNENWNWNENWNENWNENESWSESWSESWSWSWSESWSWSESWSESESESWSWSESESW
WNENWNENENENWNENWNENWNENENWNENWNENWNWNENWNENENWNWNWNENWNWNENESWSWSESWSWSESWSESWSESESESWSWSESESWSESESWSWSESWSESWSWSESWSESWSESESWSWSWSESESESWSESWSESWSESWSESWSESWSESWSESWSESWSESWSESESWSESWSESWSWSESWSESWSWSESESWSESWSWSESESESESWSWSESESWSESWSESWSESWSESESWSESWSESWSESWSWSESWSWSESESWSESWSESWSWSESWSESESESWSESWSWSESESWSWSESESWSESWSWSWSESESWSWSESWSWSESESWSWSESESWSWSESESWSWSESESWSESESWSESWSESESWSWSESWSESWSESESESWSESESWSESWSWSESWSESWSESWSWSESESWSESESESESWSWSWSESWSESWSWSESWSESESESWSESWSESWSESWSESWSESESWSESWSWSESWSWSESWSESESWSESESESWSWSESESWSWSESESWSESWSESESWSESESWSESWSWNWNENWNWNENWNENENWNENWNENENWNENWNENWNENWNENWNENENWNENENWNWNENENWNWNENWNENWNENENWNENWNWNWNENWNENENWNWNENWNENWNENWNENWNENENWNENENWNENWNENENWNENWNWNENENWNENWNENWNENENWNENWNENENWNENWNENWNENENWNENENWNWNENWNENENENWNWNENENENWNWNWNENWNWNENWNWNENWNWNENWNENWNENENWNWNENWNENWNENWNENWNWNENENENENWNWNENENENWNENWNENWNENWNWNENWNENWNWNENENWNWNENENENWNENENWNWNENENWNWNWNENWNENWNWNENWNENWNENWNENENWNENWNWNENENWNENWNENENWNENWNENWNENWNWNWNENENWNWNENWNENWNENWN
ENENWNENWNENWNENWNWNWNENENENWNWNENENWNWNWNWNWNWNENWNWNWNENENENENWNWNENWNENWNWNENWNENENWNWNENWNENENENENWNWNENWNWNENWNWNENWNWNENENENWNENWNWNWNWNENENESWSESWSWSESWSESESWSWSWSESESWSESESWSESESWSESWSESESESWSESESESWSESWSESESESESESWSWSWSESWSESESWSWSESESWSESWSESWSESWSWSWSESESWSESWSESESWSESWSESWSESWSESESESESWSWSESWSESESWSWSESWSESWSWSESESWSESESWSESWSESWSESWSESWSESWSESWSWSESWSESWSESWSESWSESESWSWSESWSESESWSWSESWSESWSESESESWSWSESWSWSWSESWSWSESESWSESWSWSWSESESWSESESWSESWSWSESWSWSWSESWSWSESWSWSESESWSESESESWSWSESWSWSESWSESESWSESWSESWSESESESWSESWSWSESWSWSESWSESESWSWSESESWSESWSESESESWSESWSESWSESWSESESWSESESWSESWSESWSESESWSESESWSWSESESWSESWSESESWSWSESESWSESWSWNENWNWNENWNWNWNWNENENENENWNENENWNENENWNWNWNENENENENWNENENENWNWNENENWNWNENENWNWNWNWNENWNWNENENWNWNENWNENWNENWNENWNWNWNWNWNENWNENWNENWNWNENENWNWNENWNENWNENWNENWNENWNENWNWNENWNENENWNWNENENWNWNWNENWNWNENENWNWNWNENENWNWNENWNENWNENENWNENWNENENWNENWNENWNENWNWNWNENENWNWNENWNENWNENENENWNWNENWNENWNENWNENWNENWNWNWNENENENWNENWNENWNENENENWNENWNWNENENWNENWNENWNENWN
NENENWNENWNENWNWNENWNENWNWNENWNENENENENWNWNWNWNENENWNENWNENWNENENWNWNENENWNENWNENWNENWNENENWNWNENWNWNENWNWNENWNWNENWNENWNENWNENWNENWNENWNENWNENWNENWNENWNENWNENWNWNWNENWNENENWNWNENWNENENWNWNENWNWNENWNENENWNWNWNENENENWNWNENWNENWNWNENENWNWNENWNWNENWNWNENWNENENWNWNWNENWNENENWNWNWNENENWNENWNENWNWNENENWNWNENWNENENWNENWNWNENENWNENWNWNENENWNENWNWNENWNWNENWNWNWNENWNENENWNENENENENWNENENENWNENENWNWNENENWNENENWNENESWSESWSWSESWSWSESESESESWSESWSESESESESWSESESWSWSESWSESESWSESWSESWSESWSWSESWSESESWSWSWSWSESESWSWSESWSWSESESESWSWSESWSESESWSESESWSESESESWSESWSESWSESESWSESWSESESWSWSESWSWSESESWSESWSESWSESWSESESWSESESWSESWSESWSESWSESWSWSESWSESWSESWSESWSESWSESWSESESWSESWSESESWSWSESWSESESWSESWSWSWSESESWSESESWSESWSWSWSESWSESESWSWSESWSESWSESESESWSESESWSESWSESWSESWSWSESWSESWSWSWSESESWSESWSESWSESESWSESWSESWSESWSESESWSWSESESESWSWSWSESWSWSWSWSESWSESWSESWSWSWSESWSESWSWSESESWSESWSWSWSESWSESWSWSESWSESWSWSESWSESWSESWSESESWSWSWSWNENENWNWNWNENWNWNENWNWNENENENWNWNENWNWNENWNENWNENWNENWNENWNWNENENWNENENWNENWNENWNWNWNENENENWNE
ENWNWNENENWNENENENWNWNENWNENWNENWNENENWNWNENWNENWNENWNENENWNWNENENWNWNENENWNENENWNWNENWNENENWNENWNENENENWNENWNENWNWNENENWNENWNENENWNENENENWNWNWNENWNWNENENENWNENWNENWNENWNENWNWNWNENWNENWNENWNWNENENWNENENWNENWNENENWNWNENENWNWNENWNENENWNENENENWNENWNWNENWNENENWNWNENENENWNENWNENWNENWNWNWNENWNENWNENENENWNENWNENWNENENWNENWNWNENENENWNENWNWNENWNWNWNWNENWNENENWNWNENWNENWNENWNWNENWNENWNWNWNWNENENWNWNENWNENENWNWNWNENWNENWNENENWNENWNWNWNWNENENWNWNENWNENWNWNENENWNENWNENWNENENWNENWNESESWSESESWSWSESESESWSWSWSESESWSWSESWSESESWSESWSESWSWSWSESWSESWSESWSESWSESESESWSWSWSESWSESESESWSWSESWSESWSESESESWSESWSWSESESWSESWSWSESWSWSESWSESWSESESWSWSESESWSESWSESWSESWSWSESWSWSESWSWSESWSESWSESWSESESWSESWSWSESWSESESWSWSESESWSESESWSESWSESWSESESESESWSESESWSESESWSESWSESWSESESESWSESWSWSESWSESESESESWSESWSESWSWSESWSESWSESESWSESESWSESWSESWSESWSWSESESWSWSESESWSESESWSWSWSESWSWSESWSWSWSWSESESWSESWSESWSESESWSESWSESWSESESWSWSESESESWSESWSWSESESWSESWSESESWSESWSESWSESWSWSESWSESESESWSWSESWSWSESWSWSESWSESESWSWNWNENWNENENENENWNENENWNENWN
SESWSESWSESWSWSESWSESWSWSESWSESWSESESWSWSESWSESWSESWSESWSESWSESWSESWSESESWSESWSESESWSESWSESESESWSESWSESWSWSESESWSESWSESWSESESWSWSWSWSESWSWSESWSESWSWSESESWSWSESWSWSESESWSWSESWSWSWSESWSESESWSWSESESWSESWSWSESWSESWSWSESESESWSWSESESWSESWSWSESESWSESESWSWSWSESWSESWSWSESESWSESESWSWSWSWSESESESWSESWSESESWSWSWSESWSESESWSESESESESWSWSESWSWSESWSESWSESWSWSESESWSWSESWSWSESWSWSESWSWSESWSESESWSWSWSESWSESESWSESWSWSESWSESWSWSESWSESWSESESWSWNWNWNENWNENWNWNWNENENWNENWNENWNENWNENENWNENWNENWNWNENWNENWNENWNENWNWNENENWNWNWNENWNENWNWNENWNWNWNENWNENENENWNWNENWNENWNENENWNENWNWNENENWNWNENWNENWNENWNENWNWNENENWNENENWNWNWNENWNWNENENENWNENENWNENENWNENWNWNENWNENWNENWNWNWNENENENWNWNENENENWNENENWNWNENWNENENWNWNENWNENWNWNWNENENWNWNENWNENWNENWNWNENWNENENWNENWNENENWNWNENENWNENWNENWNENWNENWNENWNENWNENENWNENENWNWNENENWNENWNENWNENWNENWNWNENENENWNENWNWNENWNENENWNWNWNWNENWNENWNENWNENENWNWNENWNENWNENWNENWNWNENENWNENWNENWNWNWNENENWNWNENWNENENWNWNWNENWNENWNESWSWSESESWSWSESESWSESWSESWSESWSESWSESWSESESESWSWSESWSWSESWSESESWSESWSWSESWSW
WSWSESESWSWSESWSESWSESWSESWSWSESESESESWSWSESESWSESESWSESESWSESWSESWSESWSESESWSWSESESWSESWSWSESESWSESESWSESESESWSESWSWSESWSESWSWSESWSESESESWSESESESWSESWSESESESWSESWSESWSESWSESESWSESWSESWSWSESESWSWSESWSESWSESWSESESESWSESESWSESWSWSESWSESWSWSESESESWSESESWSESESESWSESESWSESESWSESESWSWSESESWSWSESESWSWSWSESWSWSESWSESWSWSWNWNWNENWNWNENENWNWNENWNENWNENENENWNENWNENWNENENWNENENWNENENWNWNWNENENWNWNENENWNENWNENWNENWNENWNENWNENWNENWNENWNWNWNENENWNWNENWNENWNENWNWNWNENWNENENWNWNENWNENWNENWNWNWNWNWNENENWNWNENWNENWNENWNENWNENWNWNWNENENWNWNENENWNWNWNWNENENWNWNWNENENENWNENENENWNWNENENWNENENENWNENWNENWNENENENWNENENENWNENWNENENWNENWNENWNWNWNWNENENENWNWNENWNENENWNWNENWNENWNENENENWNENENENENWNENENWNENWNENWNWNENWNENWNENENWNENENENWNENWNENENWNENWNENWNWNENENWNWNWNWNENWNENWNWNENWNENWNENWNENENWNWNENENWNENENENWNWNENWNWNWNWNENENWNWNWNENESESESWSESESWSESWSESWSESESWSWSESWSWSESWSESESWSESESWSESWSESWSWSESWSESWSESWSESESWSESWSESWSESESWSESWSESESESESESWSWSWSESESWSESESWSWSESESWSESWSESESWSWSWSWSESWSWSESESWSESWSESESWSWSESESWSWSWSES
SWSWSESWSESESESESWSESWSWSESESWSESESWSWSESWSESESWSWSESWSESWSWSWSESWSESESWSESWSESWSWSESESWSESESWSESWSWSWSESESWSESWSESWSESWSESESESESWSESWSESESESESWSWSESWSWSESESWSESWSESESWSWSESESESWSESESWSESWSESESWSESESESWSESWSESWSESWSESWSESWSESWSWSESESWSESWSWSESWSWNENWNENENENWNENENWNENWNWNENWNENWNENWNENWNENWNWNENENWNENWNENWNENENWNWNENWNWNENWNENWNENWNENWNENWNWNENENENWNENWNWNENWNENENWNENWNWNENENWNENWNWNENENENWNENENWNENWNWNENENWNENWNENWNENWNENENWNWNENWNENWNENENWNENWNWNENWNENENWNENWNWNENENENWNWNENENENWNWNENENWNWNENENWNENWNENWNENWNENENENWNWNWNENWNENENWNENWNWNWNWNENENWNWNENWNWNENENWNENWNWNWNWNWNWNENWNWNENWNENWNWNWNENWNENENWNENWNENWNWNWNENWNENENWNWNENENENWNENWNWNWNWNWNENWNWNENENWNWNENWNWNENWNENWNENWNENWNWNENENWNWNWNENWNENWNENENWNENWNENWNENWNENENWNWNWNENENENWNWNESESWSWSESWSWSESESWSESESWSESWSWSWSESESWSESWSESWSWSESESWSWSWSESESWSESWSWSESWSWSESESWSWSESWSESESESWSWSWSESESWSWSESWSWSESWSWSESESWSWSWSESESWSESESWSESWSESWSESWSESESWSESESESESWSWSWSWSWSWSESWSESESESWSWSWSESESWSWSESWSESESESWSWSWSESWSESESESWSESESWSWSESESWSWSESWSE
SWSWSESESESWSWSESWSWSESWSESESWSWSESWSESWSESWSESESESWSWSWSESWSESESWSESESWSESESESWSESWSWSESESWSESWSWSESWSWSESWSWNENWNENENWNWNWNENENWNENENWNWNENWNENWNENENWNENWNWNENENWNENENENWNENWNENENWNENENENWNWNENWNWNENWNENENWNENWNENWNENWNWNENWNWNENWNENWNENWNENWNENENWNENWNENENENWNWNENENWNENENWNENENWNENWNENWNENWNWNENWNENWNWNENWNENWNWNWNENWNENENWNENWNENWNWNENWNENWNENENWNWNENWNENENWNENWNWNENENENWNENWNENENWNENWNWNENWNENWNENWNWNWNENWNENWNENENWNENENWNWNENWNENENWNWNENENWNENWNWNENWNENWNENWNWNWNENWNENWNWNWNENENWNENWNENENWNENWNENWNENWNENENWNWNWNWNENWNENENWNENWNENENWNWNENWNENWNWNENWNWNENWNWNENENWNENWNWNWNWNENENENWNWNWNENENWNWNENWNESESWSESESWSWSESESWSESESWSESWSESWSESESESWSESESWSESWSESWSESESWSESWSESWSESWSWSWSESWSWSESWSESESESWSWSESWSESWSESWSESWSWSWSESWSESESWSESWSWSWSWSESWSWSWSESESWSESWSESESWSESWSESESESWSWSESWSESWSWSESESWSWSWSESESESWSWSWSESWSESESWSESWSESESWSWSWSESESWSWSWSESWSESWSWSWSESESWSWSESESWSWSWSESWSWSESESWSESWSWSWSESWSESWSESESESESESWSESESWSESWSESWSESESWSESWSESESWSWSESWSESESWSESWSWSESWSESWSESESWSWSESWSESWSESWSWSE
NWNENWNENENWNWNENENENWNWNWNWNENWNENENWNENENWNWNENWNENWNENWNWNWNENENWNENENWNENENENWNENWNENWNENWNENWNENENWNWNENWNENWNENWNENENWNENWNWNENWNWNENWNENENESWSESWSESESWSWSESWSESWSWSESESESWSESWSESWSESWSESWSESWSESWSESWSWSWSESWSESWSWSWSESWSWSESESESWSWSESESWSESESESWSWSWSWSESESESWSWSWSWSESWSESWSWSWSESWSESESWSWSESESWSWSWSWSESWSESESWSESWSESESWSWSESWSWSESESESESWSESWSWSESESWSESWSESESWSESESWSESESWSWSWSESWSESWSESWSESWSESESWSWSWSESWSWSESESWSESWSWSESWSESWSWSESWSESESWSESESESWSESWSWSESESWSWSESWSESESWSWSWSESESWSESWSWSESWSESWSWSESESWSESWSESESWSWSESESESWSESWSWSESWSWSESWSESWSESWSESWSESWSESWSESWSESWSESWSESESWSESESWSWSESESWSESWSWSESWSESESESWSESWSWSESESWSWSESESWSESWSWSWNENWNWNENWNENENWNWNENWNENENWNENWNWNENENENWNWNENENWNWNENWNENENENWNENENWNWNENENWNWNENWNENENWNWNWNENWNWNENENENWNWNENWNENENENENWNWNENENWNWNENENWNENENENWNWNENENWNENWNENENWNENWNWNENENWNENWNENENWNENWNENENENWNWNWNENENWNWNENENWNWNENENWNENWNENWNENWNENENWNWNWNENWNWNENWNENWNWNWNENWNENENWNENENWNENWNENENWNENENWNWNWNENWNENENWNWNENWNENWNENENWNWNENWNENWNENENWNENENWNENW
WNENENWNENWNWNWNENWNENENWNENENWNENWNWNENWNENWNWNENENENWNWNENWNENENENWNWNWNWNENENENWNWNENENWNENWNENWNENWNENWNENWNENWNENENENWNWNENWNENENWNENENENENWNENWNENENENENWNENWNENENENENWNENENWNENWNWNENENENWNENENWNENWNWNENWNENENWNENWNWNWNENENWNENESESWSESESWSWSWSWSESESWSESWSWSESWSWSESESWSWSESWSESWSWSWSESWSESWSESESWSWSESWSESWSESWSESESWSWSESWSESESWSESESWSWSESWSESWSWSESESWSESESWSWSESWSESWSESWSESESWSESWSESWSESWSWSESESWSWSESWSWSESWSWSESWSESWSESWSESESWSWSESWSESWSESESESWSWSESWSESWSESWSESWSESWSWSESWSWSESWSESESESWSWSESWSESWSESWSESWSESESWSWSESESWSWSWSESESESWSWSWSESESWSESESWSESESESWSESESWSWSWSESESESWSESESWSESWSWSESESESWSESESWSWSESWSWSESWSESESESWSWSESESESESWSESESESWSWSESESESWSWSWSESESWSESESWSESESESWSWSESESWSESESWSESWSESESWSESWSESWSESWSESESWSESWSESWSWNWNENENWNWNENWNENENWNWNENWNENWNENWNENENENENWNENWNENWNWNWNWNENWNENWNWNWNWNENWNENWNENENWNENENENWNWNENWNWNENENWNWNENWNWNENENWNENWNENWNENENWNWNENWNENWNWNENENENWNENWNENENWNENWNENWNENWNENWNENWNWNENWNENENWNENWNWNENENWNENENWNENENWNENWNENENWNENWNENWNENENENENWNENWNENWNENENWNWN
