ambiguous
not ambiguous
ambiguous
ambiguous
ambiguous
not ambiguous
not ambiguous
ambiguous
ambiguous
ambiguous
ambiguous
ambiguous
ambiguous
not ambiguous
not ambiguous
ambiguous
ambiguous
ambiguous
ambiguous
not ambiguous
not ambiguous
ambiguous
ambiguous
ambiguous
not ambiguous
not ambiguous
not ambiguous
not ambiguous
not ambiguous
not ambiguous
ambiguous
not ambiguous
ambiguous
not ambiguous
not ambiguous
not ambiguous
not ambiguous
ambiguous
not ambiguous
ambiguous
not ambiguous
not ambiguous
not ambiguous
not ambiguous
ambiguous
ambiguous
ambiguous
ambiguous
ambiguous
not ambiguous
ambiguous
ambiguous
ambiguous
ambiguous
not ambiguous
not ambiguous
ambiguous
ambiguous
ambiguous
ambiguous
ambiguous
not ambiguous
not ambiguous
not ambiguous
not ambiguous
not ambiguous
ambiguous
not ambiguous
ambiguous
not ambiguous
ambiguous
ambiguous
not ambiguous
not ambiguous
ambiguous
not ambiguous
not ambiguous
not ambiguous
not ambiguous
not ambiguous
