61.200000 percent
0.000003 percent
83.156160 percent
54.000000 percent
76.746400 percent
70.874779 percent
39.960000 percent
69.445000 percent
95.089302 percent
78.000000 percent
90.210000 percent
93.100000 percent
5.000000 percent
81.168228 percent
73.013184 percent
61.557720 percent
91.286118 percent
96.000000 percent
76.000000 percent
68.918304 percent
89.395200 percent
21.204000 percent
70.200000 percent
93.060000 percent
89.423136 percent
65.250000 percent
84.778000 percent
62.250000 percent
84.795480 percent
92.227212 percent
54.956160 percent
91.080000 percent
74.820000 percent
0.256250 percent
90.240000 percent
85.671600 percent
83.134560 percent
68.187600 percent
92.188800 percent
87.400000 percent
15.195600 percent
8.889155 percent
94.119200 percent
64.500000 percent
91.276416 percent
46.200000 percent
97.000000 percent
86.480000 percent
95.000000 percent
85.810080 percent
93.060000 percent
99.000000 percent
70.520000 percent
94.109400 percent
92.000000 percent
12.417300 percent
67.760000 percent
85.809715 percent
69.979140 percent
84.585600 percent
80.370000 percent
6.000000 percent
66.424000 percent
65.000000 percent
46.360000 percent
31.000000 percent
25.439715 percent
60.060000 percent
22.880000 percent
13.424029 percent
87.400000 percent
90.288000 percent
64.152079 percent
53.940000 percent
89.356400 percent
57.230807 percent
62.040000 percent
72.528803 percent
100.000000 percent
44.000000 percent
