Fail!
4 0
Fail!
Fail!
Fail!
449999 499999
Fail!
475000 449995
0 0
0 0
0 0
Fail!
0 0
576236 50038
Fail!
0 0
542749 0
Fail!
0 0
0 0
0 0
97774 0
0 257234
2322 0
0 0
91976 0
Fail!
Fail!
0 0
0 0
4901 0
Fail!
0 0
93846 0
0 0
0 0
342679 0
0 0
Fail!
Fail!
69385 0
0 440215
Fail!
0 0
Fail!
0 0
3911 0
0 0
0 0
Fail!
Fail!
Fail!
Fail!
Fail!
74765 129339
0 0
9181 0
0 0
Fail!
0 0
0 0
Fail!
0 0
Fail!
0 0
191191 0
0 0
7746 0
Fail!
55473 0
0 0
Fail!
0 0
Fail!
0 0
0 0
0 0
Fail!
0 0
0 0
0 0
13506 0
Fail!
0 0
Fail!
Fail!
0 0
0 0
0 0
0 0
0 0
0 0
Fail!
0 0
0 262720
0 0
Fail!
Fail!
11369 0
0 0
16410 0
0 0
0 0
Fail!
0 0
0 0
0 0
0 0
84704 0
Fail!
Fail!
0 0
Fail!
0 0
9152 0
0 0
Fail!
Fail!
0 0
Fail!
Fail!
Fail!
0 0
0 0
Fail!
0 0
0 0
0 0
Fail!
0 0
0 0
9202 0
0 0
0 0
Fail!
0 0
0 0
Fail!
0 0
0 0
0 0
Fail!
0 0
Fail!
Fail!
Fail!
0 0
Fail!
0 0
0 0
0 0
355602 0
Fail!
Fail!
Fail!
Fail!
0 0
Fail!
0 0
Fail!
0 0
230956 258132
0 0
Fail!
0 0
0 0
0 0
0 0
Fail!
0 0
22782 0
Fail!
Fail!
Fail!
213531 125079
Fail!
0 0
7866 0
0 0
Fail!
0 0
Fail!
0 0
Fail!
0 0
28648 0
0 0
Fail!
Fail!
0 0
0 0
0 0
Fail!
Fail!
Fail!
Fail!
Fail!
0 0
0 0
