Word #1: No Set
Word #2: No Set
Word #3: No Set
Word #4: No Set
Word #5: Set
Word #6: No Set
Word #7: No Set
Word #8: No Set
Word #9: No Set
Word #10: No Set
Word #11: No Set
Word #12: No Set
Word #13: No Set
Word #14: Set
Word #15: No Set
Word #16: No Set
Word #17: Set
Word #18: No Set
Word #19: No Set
Word #20: Set
Word #21: No Set
Word #22: No Set
Word #23: No Set
Word #24: No Set
Word #25: No Set
Word #26: No Set
Word #27: No Set
Word #28: No Set
Word #29: No Set
Word #30: No Set
Word #31: No Set
Word #32: No Set
Word #33: No Set
Word #34: No Set
Word #35: No Set
Word #36: No Set
Word #37: No Set
Word #38: No Set
Word #39: No Set
Word #40: No Set
Word #41: No Set
Word #42: No Set
Word #43: No Set
Word #44: Set
Word #45: No Set
Word #46: No Set
Word #47: No Set
Word #48: No Set
Word #49: No Set
Word #50: No Set
Word #51: No Set
Word #52: No Set
Word #53: No Set
Word #54: No Set
Word #55: No Set
Word #56: No Set
Word #57: No Set
Word #58: No Set
Word #59: No Set
Word #60: No Set
Word #61: No Set
Word #62: No Set
Word #63: No Set
Word #64: No Set
Word #65: No Set
Word #66: No Set
Word #67: No Set
Word #68: No Set
Word #69: No Set
Word #70: No Set
Word #71: No Set
Word #72: No Set
Word #73: No Set
Word #74: No Set
Word #75: No Set
Word #76: No Set
Word #77: No Set
Word #78: No Set
Word #79: No Set
Word #80: No Set
Word #81: No Set
Word #82: No Set
Word #83: No Set
Word #84: No Set
Word #85: No Set
Word #86: No Set
Word #87: No Set
Word #88: No Set
Word #89: No Set
Word #90: No Set
Word #91: No Set
Word #92: No Set
Word #93: No Set
Word #94: No Set
Word #95: No Set
Word #96: No Set
Word #97: No Set
Word #98: No Set
Word #99: No Set
Word #100: No Set
Word #101: No Set
Word #102: No Set
Word #103: No Set
Word #104: No Set
Word #105: No Set
Word #106: No Set
Word #107: No Set
Word #108: No Set
Word #109: No Set
Word #110: No Set
Word #111: No Set
Word #112: No Set
Word #113: No Set
Word #114: No Set
Word #115: No Set
Word #116: No Set
Word #117: No Set
Word #118: No Set
Word #119: No Set
Word #120: No Set
Word #121: No Set
Word #122: No Set
Word #123: No Set
Word #124: No Set
Word #125: Set
Word #126: No Set
Word #127: No Set
Word #128: No Set
Word #129: No Set
Word #130: No Set
Word #131: No Set
Word #132: No Set
Word #133: No Set
Word #134: Set
Word #135: No Set
Word #136: No Set
Word #137: No Set
Word #138: No Set
Word #139: No Set
Word #140: Set
Word #141: No Set
Word #142: No Set
Word #143: Set
Word #144: No Set
Word #145: No Set
Word #146: Set
Word #147: No Set
Word #148: No Set
Word #149: No Set
Word #150: No Set
Word #151: No Set
Word #152: No Set
Word #153: No Set
Word #154: No Set
Word #155: No Set
Word #156: No Set
Word #157: No Set
Word #158: No Set
Word #159: No Set
Word #160: No Set
Word #161: No Set
Word #162: No Set
Word #163: No Set
Word #164: No Set
Word #165: No Set
Word #166: No Set
Word #167: Set
Word #168: No Set
Word #169: No Set
Word #170: Set
Word #171: No Set
Word #172: No Set
Word #173: Set
Word #174: No Set
Word #175: No Set
Word #176: No Set
Word #177: No Set
Word #178: No Set
Word #179: No Set
Word #180: No Set
Word #181: No Set
Word #182: No Set
Word #183: No Set
Word #184: No Set
Word #185: No Set
Word #186: No Set
Word #187: No Set
Word #188: No Set
Word #189: No Set
Word #190: No Set
Word #191: No Set
Word #192: No Set
Word #193: No Set
Word #194: Set
Word #195: No Set
Word #196: No Set
Word #197: Set
Word #198: No Set
Word #199: No Set
Word #200: Set
Word #201: No Set
Word #202: No Set
Word #203: No Set
Word #204: No Set
Word #205: No Set
Word #206: No Set
Word #207: No Set
Word #208: No Set
Word #209: No Set
Word #210: No Set
Word #211: No Set
Word #212: No Set
Word #213: No Set
Word #214: No Set
Word #215: No Set
Word #216: No Set
Word #217: No Set
Word #218: No Set
Word #219: No Set
Word #220: No Set
Word #221: No Set
Word #222: No Set
Word #223: No Set
Word #224: No Set
Word #225: No Set
Word #226: No Set
Word #227: No Set
Word #228: No Set
Word #229: No Set
Word #230: No Set
Word #231: No Set
Word #232: No Set
Word #233: No Set
Word #234: No Set
Word #235: No Set
Word #236: No Set
Word #237: No Set
Word #238: No Set
Word #239: No Set
Word #240: No Set
Word #241: No Set
Word #242: No Set
Word #243: No Set
Word #244: No Set
Word #245: No Set
Word #246: No Set
Word #247: No Set
Word #248: No Set
Word #249: No Set
Word #250: No Set
Word #251: No Set
Word #252: No Set
Word #253: No Set
Word #254: No Set
Word #255: No Set
Word #256: No Set
Word #257: No Set
Word #258: No Set
Word #259: No Set
Word #260: No Set
Word #261: No Set
Word #262: No Set
Word #263: No Set
Word #264: No Set
Word #265: No Set
Word #266: No Set
Word #267: No Set
Word #268: No Set
Word #269: No Set
Word #270: No Set
Word #271: No Set
Word #272: No Set
Word #273: No Set
Word #274: No Set
Word #275: No Set
Word #276: No Set
Word #277: No Set
Word #278: No Set
Word #279: No Set
Word #280: No Set
Word #281: No Set
Word #282: No Set
Word #283: No Set
Word #284: No Set
Word #285: No Set
Word #286: No Set
Word #287: No Set
Word #288: No Set
Word #289: No Set
Word #290: No Set
Word #291: No Set
Word #292: No Set
Word #293: No Set
Word #294: No Set
Word #295: No Set
Word #296: No Set
Word #297: No Set
Word #298: No Set
Word #299: No Set
Word #300: No Set
Word #301: No Set
Word #302: No Set
Word #303: No Set
Word #304: No Set
Word #305: No Set
Word #306: No Set
Word #307: No Set
Word #308: No Set
Word #309: No Set
Word #310: No Set
Word #311: No Set
Word #312: No Set
Word #313: No Set
Word #314: No Set
Word #315: No Set
Word #316: No Set
Word #317: No Set
Word #318: No Set
Word #319: No Set
Word #320: No Set
Word #321: No Set
Word #322: No Set
Word #323: No Set
Word #324: No Set
Word #325: No Set
Word #326: No Set
Word #327: No Set
Word #328: No Set
Word #329: No Set
Word #330: No Set
Word #331: No Set
Word #332: No Set
Word #333: No Set
Word #334: No Set
Word #335: No Set
Word #336: No Set
Word #337: No Set
Word #338: No Set
Word #339: No Set
Word #340: No Set
Word #341: No Set
Word #342: No Set
Word #343: No Set
Word #344: No Set
Word #345: No Set
Word #346: No Set
Word #347: No Set
Word #348: No Set
Word #349: No Set
Word #350: No Set
Word #351: No Set
Word #352: No Set
Word #353: No Set
Word #354: No Set
Word #355: No Set
Word #356: No Set
Word #357: No Set
Word #358: No Set
Word #359: No Set
Word #360: No Set
Word #361: No Set
Word #362: No Set
Word #363: No Set
Word #364: No Set
Word #365: No Set
Word #366: No Set
Word #367: No Set
Word #368: No Set
Word #369: No Set
Word #370: No Set
Word #371: No Set
Word #372: No Set
Word #373: No Set
Word #374: No Set
Word #375: No Set
Word #376: No Set
Word #377: Set
Word #378: No Set
Word #379: No Set
Word #380: No Set
Word #381: No Set
Word #382: No Set
Word #383: No Set
Word #384: No Set
Word #385: No Set
Word #386: No Set
Word #387: No Set
Word #388: No Set
Word #389: No Set
Word #390: No Set
Word #391: No Set
Word #392: No Set
Word #393: No Set
Word #394: No Set
Word #395: No Set
Word #396: No Set
Word #397: No Set
Word #398: No Set
Word #399: No Set
Word #400: No Set
Word #401: No Set
Word #402: No Set
Word #403: No Set
Word #404: No Set
Word #405: No Set
Word #406: No Set
Word #407: No Set
Word #408: No Set
Word #409: No Set
Word #410: Set
Word #411: No Set
Word #412: No Set
Word #413: Set
Word #414: No Set
Word #415: No Set
Word #416: Set
Word #417: No Set
Word #418: No Set
Word #419: No Set
Word #420: No Set
Word #421: No Set
Word #422: Set
Word #423: No Set
Word #424: No Set
Word #425: No Set
Word #426: No Set
Word #427: No Set
Word #428: No Set
Word #429: No Set
Word #430: No Set
Word #431: No Set
Word #432: No Set
Word #433: No Set
Word #434: No Set
Word #435: No Set
Word #436: No Set
Word #437: No Set
Word #438: No Set
Word #439: No Set
Word #440: No Set
Word #441: No Set
Word #442: No Set
Word #443: No Set
Word #444: No Set
Word #445: No Set
Word #446: No Set
Word #447: No Set
Word #448: No Set
Word #449: No Set
Word #450: No Set
Word #451: No Set
Word #452: No Set
Word #453: No Set
Word #454: No Set
Word #455: No Set
Word #456: No Set
Word #457: No Set
Word #458: No Set
Word #459: No Set
Word #460: No Set
Word #461: No Set
Word #462: No Set
Word #463: No Set
Word #464: No Set
Word #465: No Set
Word #466: No Set
Word #467: No Set
Word #468: No Set
Word #469: No Set
Word #470: No Set
Word #471: No Set
Word #472: No Set
Word #473: No Set
Word #474: No Set
Word #475: No Set
Word #476: No Set
Word #477: No Set
Word #478: No Set
Word #479: No Set
Word #480: No Set
Word #481: No Set
Word #482: No Set
Word #483: No Set
Word #484: No Set
Word #485: No Set
Word #486: No Set
Word #487: No Set
Word #488: No Set
Word #489: No Set
Word #490: No Set
Word #491: No Set
Word #492: No Set
Word #493: No Set
Word #494: No Set
Word #495: No Set
Word #496: No Set
Word #497: No Set
Word #498: No Set
Word #499: No Set
Word #500: No Set
Word #501: No Set
Word #502: No Set
Word #503: Set
Word #504: No Set
Word #505: No Set
Word #506: No Set
Word #507: No Set
Word #508: No Set
Word #509: No Set
Word #510: No Set
Word #511: No Set
Word #512: No Set
Word #513: No Set
Word #514: No Set
Word #515: No Set
Word #516: No Set
Word #517: No Set
Word #518: No Set
Word #519: No Set
Word #520: No Set
Word #521: No Set
Word #522: No Set
Word #523: No Set
Word #524: No Set
Word #525: No Set
Word #526: No Set
Word #527: No Set
Word #528: No Set
Word #529: No Set
Word #530: No Set
Word #531: No Set
Word #532: No Set
Word #533: No Set
Word #534: No Set
Word #535: No Set
Word #536: No Set
Word #537: No Set
Word #538: No Set
Word #539: No Set
Word #540: No Set
Word #541: No Set
Word #542: No Set
Word #543: No Set
Word #544: No Set
Word #545: No Set
Word #546: No Set
Word #547: No Set
Word #548: No Set
Word #549: No Set
Word #550: No Set
Word #551: No Set
Word #552: No Set
Word #553: No Set
Word #554: No Set
Word #555: No Set
Word #556: No Set
Word #557: No Set
Word #558: No Set
Word #559: No Set
Word #560: No Set
Word #561: No Set
Word #562: No Set
Word #563: No Set
Word #564: No Set
Word #565: No Set
Word #566: No Set
Word #567: No Set
Word #568: No Set
Word #569: No Set
Word #570: No Set
Word #571: No Set
Word #572: No Set
Word #573: No Set
Word #574: No Set
Word #575: No Set
Word #576: No Set
Word #577: No Set
Word #578: No Set
Word #579: No Set
Word #580: No Set
Word #581: No Set
Word #582: No Set
Word #583: No Set
Word #584: Set
Word #585: No Set
Word #586: No Set
Word #587: No Set
Word #588: No Set
Word #589: No Set
Word #590: No Set
Word #591: No Set
Word #592: No Set
Word #593: No Set
Word #594: No Set
Word #595: No Set
Word #596: No Set
Word #597: No Set
Word #598: No Set
Word #599: No Set
Word #600: No Set
Word #601: No Set
Word #602: No Set
Word #603: No Set
Word #604: No Set
Word #605: No Set
Word #606: No Set
Word #607: No Set
Word #608: No Set
Word #609: No Set
Word #610: No Set
Word #611: No Set
Word #612: No Set
Word #613: No Set
Word #614: No Set
Word #615: No Set
Word #616: No Set
Word #617: No Set
Word #618: No Set
Word #619: No Set
Word #620: No Set
Word #621: No Set
Word #622: No Set
Word #623: No Set
Word #624: No Set
Word #625: No Set
Word #626: No Set
Word #627: No Set
Word #628: No Set
Word #629: No Set
Word #630: No Set
Word #631: No Set
Word #632: No Set
Word #633: No Set
Word #634: No Set
Word #635: No Set
Word #636: No Set
Word #637: No Set
Word #638: No Set
Word #639: No Set
Word #640: No Set
Word #641: No Set
Word #642: No Set
Word #643: No Set
Word #644: No Set
Word #645: No Set
Word #646: No Set
Word #647: No Set
Word #648: No Set
Word #649: No Set
Word #650: No Set
Word #651: No Set
Word #652: No Set
Word #653: No Set
Word #654: No Set
Word #655: No Set
Word #656: No Set
Word #657: No Set
Word #658: No Set
Word #659: No Set
Word #660: No Set
Word #661: No Set
Word #662: No Set
Word #663: No Set
Word #664: No Set
Word #665: No Set
Word #666: No Set
Word #667: No Set
Word #668: No Set
Word #669: No Set
Word #670: No Set
Word #671: No Set
Word #672: No Set
Word #673: No Set
Word #674: No Set
Word #675: No Set
Word #676: No Set
Word #677: No Set
Word #678: No Set
Word #679: No Set
Word #680: No Set
Word #681: No Set
Word #682: No Set
Word #683: No Set
Word #684: No Set
Word #685: No Set
Word #686: No Set
Word #687: No Set
Word #688: No Set
Word #689: No Set
Word #690: No Set
Word #691: No Set
Word #692: No Set
Word #693: No Set
Word #694: No Set
Word #695: No Set
Word #696: No Set
Word #697: No Set
Word #698: No Set
Word #699: No Set
Word #700: No Set
Word #701: No Set
Word #702: No Set
Word #703: No Set
Word #704: No Set
Word #705: No Set
Word #706: No Set
Word #707: No Set
Word #708: No Set
Word #709: No Set
Word #710: No Set
Word #711: No Set
Word #712: No Set
Word #713: No Set
Word #714: No Set
Word #715: No Set
Word #716: No Set
Word #717: No Set
Word #718: No Set
Word #719: No Set
Word #720: No Set
Word #721: No Set
Word #722: No Set
Word #723: No Set
Word #724: No Set
Word #725: No Set
Word #726: No Set
Word #727: No Set
Word #728: No Set
Word #729: No Set
Word #730: No Set
Word #731: No Set
Word #732: No Set
Word #733: No Set
Word #734: No Set
Word #735: No Set
Word #736: No Set
Word #737: No Set
Word #738: No Set
Word #739: No Set
Word #740: No Set
Word #741: No Set
Word #742: No Set
Word #743: No Set
Word #744: No Set
Word #745: No Set
Word #746: No Set
Word #747: No Set
Word #748: No Set
Word #749: No Set
Word #750: No Set
Word #751: No Set
Word #752: No Set
Word #753: No Set
Word #754: No Set
Word #755: No Set
Word #756: No Set
Word #757: No Set
Word #758: No Set
Word #759: No Set
Word #760: No Set
Word #761: No Set
Word #762: No Set
Word #763: No Set
Word #764: No Set
Word #765: No Set
Word #766: No Set
Word #767: No Set
Word #768: No Set
Word #769: No Set
Word #770: No Set
Word #771: No Set
Word #772: No Set
Word #773: No Set
Word #774: No Set
Word #775: No Set
Word #776: No Set
Word #777: No Set
Word #778: No Set
Word #779: No Set
Word #780: No Set
Word #781: No Set
Word #782: No Set
Word #783: No Set
Word #784: No Set
Word #785: No Set
Word #786: No Set
Word #787: No Set
Word #788: No Set
Word #789: No Set
Word #790: No Set
Word #791: No Set
Word #792: No Set
Word #793: No Set
Word #794: No Set
Word #795: No Set
Word #796: No Set
Word #797: No Set
Word #798: No Set
Word #799: No Set
Word #800: No Set
Word #801: No Set
Word #802: No Set
Word #803: No Set
Word #804: No Set
Word #805: No Set
Word #806: No Set
Word #807: No Set
Word #808: No Set
Word #809: No Set
Word #810: No Set
Word #811: No Set
Word #812: No Set
Word #813: No Set
Word #814: No Set
Word #815: No Set
Word #816: No Set
Word #817: No Set
Word #818: No Set
Word #819: No Set
Word #820: No Set
Word #821: No Set
Word #822: No Set
Word #823: No Set
Word #824: No Set
Word #825: No Set
Word #826: No Set
Word #827: No Set
Word #828: No Set
Word #829: No Set
Word #830: No Set
Word #831: No Set
Word #832: No Set
Word #833: No Set
Word #834: No Set
Word #835: No Set
Word #836: No Set
Word #837: No Set
Word #838: No Set
Word #839: No Set
Word #840: No Set
Word #841: No Set
Word #842: No Set
Word #843: No Set
Word #844: No Set
Word #845: No Set
Word #846: No Set
Word #847: No Set
Word #848: No Set
Word #849: No Set
Word #850: No Set
Word #851: No Set
Word #852: No Set
Word #853: No Set
Word #854: No Set
Word #855: No Set
Word #856: No Set
Word #857: No Set
Word #858: No Set
Word #859: No Set
Word #860: No Set
Word #861: No Set
Word #862: No Set
Word #863: No Set
Word #864: No Set
Word #865: No Set
Word #866: No Set
Word #867: No Set
Word #868: No Set
Word #869: No Set
Word #870: No Set
Word #871: No Set
Word #872: No Set
Word #873: No Set
Word #874: No Set
Word #875: No Set
Word #876: No Set
Word #877: No Set
Word #878: No Set
Word #879: No Set
Word #880: No Set
Word #881: No Set
Word #882: No Set
Word #883: No Set
Word #884: No Set
Word #885: No Set
Word #886: No Set
Word #887: No Set
Word #888: No Set
Word #889: No Set
Word #890: No Set
Word #891: No Set
Word #892: No Set
Word #893: No Set
Word #894: No Set
Word #895: No Set
Word #896: No Set
Word #897: No Set
Word #898: No Set
Word #899: No Set
Word #900: No Set
Word #901: No Set
Word #902: No Set
Word #903: No Set
Word #904: No Set
Word #905: No Set
Word #906: No Set
Word #907: No Set
Word #908: No Set
Word #909: No Set
Word #910: No Set
Word #911: No Set
Word #912: No Set
Word #913: No Set
Word #914: No Set
Word #915: No Set
Word #916: No Set
Word #917: No Set
Word #918: No Set
Word #919: No Set
Word #920: No Set
Word #921: No Set
Word #922: No Set
Word #923: No Set
Word #924: No Set
Word #925: No Set
Word #926: No Set
Word #927: No Set
Word #928: No Set
Word #929: No Set
Word #930: No Set
Word #931: No Set
Word #932: No Set
Word #933: No Set
Word #934: No Set
Word #935: No Set
Word #936: No Set
Word #937: No Set
Word #938: No Set
Word #939: No Set
Word #940: No Set
Word #941: No Set
Word #942: No Set
Word #943: No Set
Word #944: No Set
Word #945: No Set
Word #946: No Set
Word #947: No Set
Word #948: No Set
Word #949: No Set
Word #950: No Set
Word #951: No Set
Word #952: No Set
Word #953: No Set
Word #954: No Set
Word #955: No Set
Word #956: No Set
Word #957: No Set
Word #958: No Set
Word #959: No Set
Word #960: No Set
Word #961: No Set
Word #962: No Set
Word #963: No Set
Word #964: No Set
Word #965: No Set
Word #966: No Set
Word #967: No Set
Word #968: No Set
Word #969: No Set
Word #970: No Set
Word #971: No Set
Word #972: No Set
Word #973: No Set
Word #974: No Set
Word #975: No Set
Word #976: No Set
Word #977: No Set
Word #978: No Set
Word #979: No Set
Word #980: No Set
Word #981: No Set
Word #982: No Set
Word #983: No Set
Word #984: No Set
Word #985: No Set
Word #986: No Set
Word #987: No Set
Word #988: No Set
Word #989: No Set
Word #990: No Set
Word #991: No Set
Word #992: No Set
Word #993: No Set
Word #994: No Set
Word #995: No Set
Word #996: No Set
Word #997: No Set
Word #998: No Set
Word #999: No Set
Word #1000: No Set
Word #1001: No Set
Word #1002: No Set
Word #1003: No Set
Word #1004: No Set
Word #1005: No Set
Word #1006: No Set
Word #1007: No Set
Word #1008: No Set
Word #1009: No Set
Word #1010: No Set
Word #1011: No Set
Word #1012: No Set
Word #1013: No Set
Word #1014: No Set
Word #1015: No Set
Word #1016: No Set
Word #1017: No Set
Word #1018: No Set
Word #1019: No Set
Word #1020: No Set
Word #1021: No Set
Word #1022: No Set
Word #1023: No Set
Word #1024: No Set
Word #1025: No Set
Word #1026: No Set
Word #1027: No Set
Word #1028: No Set
Word #1029: No Set
Word #1030: No Set
Word #1031: No Set
Word #1032: No Set
Word #1033: No Set
Word #1034: No Set
Word #1035: No Set
Word #1036: No Set
Word #1037: No Set
Word #1038: No Set
Word #1039: No Set
Word #1040: No Set
Word #1041: No Set
Word #1042: No Set
Word #1043: No Set
Word #1044: No Set
Word #1045: No Set
Word #1046: No Set
Word #1047: No Set
Word #1048: No Set
Word #1049: No Set
Word #1050: No Set
Word #1051: No Set
Word #1052: No Set
Word #1053: No Set
Word #1054: No Set
Word #1055: No Set
Word #1056: No Set
Word #1057: No Set
Word #1058: No Set
Word #1059: No Set
Word #1060: No Set
Word #1061: No Set
Word #1062: No Set
Word #1063: No Set
Word #1064: No Set
Word #1065: No Set
Word #1066: No Set
Word #1067: No Set
Word #1068: No Set
Word #1069: No Set
Word #1070: No Set
Word #1071: No Set
Word #1072: No Set
Word #1073: No Set
Word #1074: No Set
Word #1075: No Set
Word #1076: No Set
Word #1077: No Set
Word #1078: No Set
Word #1079: No Set
Word #1080: No Set
Word #1081: No Set
Word #1082: No Set
Word #1083: No Set
Word #1084: No Set
Word #1085: No Set
Word #1086: No Set
Word #1087: No Set
Word #1088: No Set
Word #1089: No Set
Word #1090: No Set
Word #1091: No Set
Word #1092: No Set
Word #1093: Set
Word #1094: No Set
Word #1095: No Set
Word #1096: Set
Word #1097: Set
Word #1098: No Set
Word #1099: Set
Word #1100: Set
Word #1101: Set
Word #1102: Set
Word #1103: Set
Word #1104: Set
Word #1105: No Set
Word #1106: Set
Word #1107: Set
Word #1108: Set
Word #1109: No Set
Word #1110: Set
Word #1111: No Set
Word #1112: No Set
Word #1113: Set
Word #1114: Set
Word #1115: Set
Word #1116: No Set
Word #1117: No Set
Word #1118: No Set
Word #1119: No Set
Word #1120: Set
Word #1121: Set
Word #1122: Set
Word #1123: No Set
Word #1124: No Set
Word #1125: No Set
Word #1126: Set
Word #1127: No Set
Word #1128: Set
Word #1129: No Set
Word #1130: Set
Word #1131: Set
Word #1132: Set
Word #1133: No Set
Word #1134: Set
Word #1135: Set
Word #1136: No Set
Word #1137: Set
Word #1138: Set
Word #1139: No Set
Word #1140: No Set
Word #1141: Set
Word #1142: Set
Word #1143: No Set
Word #1144: No Set
Word #1145: Set
Word #1146: Set
Word #1147: No Set
Word #1148: No Set
Word #1149: Set
Word #1150: No Set
Word #1151: Set
Word #1152: Set
Word #1153: Set
Word #1154: Set
Word #1155: Set
Word #1156: Set
Word #1157: No Set
Word #1158: No Set
Word #1159: Set
Word #1160: No Set
Word #1161: No Set
Word #1162: Set
Word #1163: No Set
Word #1164: Set
Word #1165: Set
Word #1166: No Set
Word #1167: Set
Word #1168: Set
Word #1169: No Set
Word #1170: No Set
Word #1171: Set
Word #1172: No Set
Word #1173: No Set
Word #1174: No Set
Word #1175: No Set
Word #1176: Set
Word #1177: No Set
Word #1178: Set
Word #1179: No Set
Word #1180: Set
Word #1181: No Set
Word #1182: No Set
Word #1183: Set
Word #1184: Set
Word #1185: No Set
Word #1186: Set
Word #1187: Set
Word #1188: Set
Word #1189: Set
Word #1190: Set
Word #1191: Set
Word #1192: No Set
Word #1193: No Set
Word #1194: No Set
Word #1195: No Set
Word #1196: No Set
Word #1197: Set
Word #1198: No Set
Word #1199: No Set
Word #1200: Set
