YOUBOOK 2
LIVESPACE BLOGJAM 1
UBQTS TXT 1
SKINUX 0
DESPERADOS 1
TRULY UGLY 0
TWIDDLERS 0
IEJHJBCBB 65
BHBGFIFIFD 61
BGBBEGDDHA 60
GEAJBFGJD 60
GBBFGBEEE 59
GJIGJDJGI 59
IIFEDAJGJ 59
CJBBGIACI 58
DGCCFJGHA 58
HDBFDJHJH 55
HGGCHAICC 55
BCJFIIHABF 53
JIACBFEFF 53
JIBACIFIG 53
BHHFGDIAJJ 50
BIDBJGCCFJ 50
JJEIICGGH 50
BIFEBCHIA 49
CAEHHAGIII 48
IEIBJCHDH 48
BHDFECECII 47
JCIDAHAFC 47
JEFCHJFDI 47
CACBDEHHHH 45
IDJJIJHJA 45
DDBGCCCIF 44
DIFAIABCH 44
BIJDBHFFI 42
DFJFDJGDA 42
HAGGIHAIH 42
BABAFGFCGE 39
BIAIBABAC 39
BJJFHDBCGI 39
BAAIIECEJ 38
BDBJBHHBFI 38
GICAJECGC 38
BBIJBJDIFA 37
BCHBHJAJJF 37
BDIIFDICHD 37
HHBFCCDGF 37
BEFFJBHIJG 36
FHIDBHAFH 36
GHHCACDHI 36
BHEIBFHIIB 34
BBCEBEGBIF 33
BDHIDFCDAB 33
BIBCAJEJCA 33
BJFAIGGCHD 33
DJADEIBGC 33
FAAIBAHHA 33
HADADACGB 33
BDBDBIBIAD 32
BGHBHHDFCH 32
BIBIDDCGB 32
DAIHICDA 32
CDDHACABJ 29
BABCBBIHIC 27
BAFFBDGGFF 27
JDAAEFAB 27
JDFIIEJDE 27
BIEGAGAAIF 25
CACIFJBFAI 25
JEIIABADJ 23
CBGHFEBCI 22
JEHHDDACD 22
BCBGJJJACH 20
EDHFJCJDE 20
CJIAIAHED 17
GJEFBIFIC 15
BFDHEHHCI 14
CBCEDFDEDB 14
BBBDICEIHF 13
BFDJAEIIAD 13
BCFCGFBC 11
BHCFCJCJBG 11
BJGEHEAFDJ 11
CFIDDECGI 11
BBGHJBIBAI 10
CAHIJBHBHG 10
DCGDEICFG 9
BBHABHEHGB 8
BDIAIAIBJI 8
GCICHJICD 8
BHDHBGGFFH 7
BHJFHFDDHD 7
BDCCFIHFCE 6
JCGADIGJ 6
BCIEAFEDIB 5
BIIJEJBCBF 5
BICDFIBEBB 4
FBIHBJEBI 4
CBEDDEGBJB 3
CGHBECGBB 3
BCDEDCJCCH 2
BDGIHJBBHH 2
IEIFGJBG 2
BFCBFACDHG 1
BFICFHCIIJ 1
BBGCGGAECF 0
BJDCHBGDCI 0
