T 30.0 D 15.0 H 34.0
T 30.0 D 25.0 H 42.3
T 30.0 D 15.0 H 34.0
T 30.0 D 25.0 H 42.3
T 30.0 D 15.0 H 34.0
T 30.0 D 25.0 H 42.3
T 99.0 D -99.0 H 93.4
T 30.0 D -22.9 H 25.0
T 30.0 D -22.9 H 25.0
T -22.9 D -30.0 H -28.2
T 97.0 D 11.5 H 99.0
