bcdefg
cdefgh

?

aaaaaaaaaab
aaaaaaaaaba
aaaaaaaaabb
aaaaaaaabaa
aaaaaaaabab
aaaaaaaabba
aaaaaaabaaa
aaaaaaabaab
aaaaaaababa
aaaaaaababb
aaaaaabaaaa
aaaaaabaaab
aaaaaabaaba
aaaaaabaabb
aaaaaababab
aaaaaababba
aaaaaabbaaa
aaaaabaaaaa
aaaaabaaaab
aaaaabaaaba
aaaaabaabaa
aaaaabaabab
aaaaabaabba
aaaaababaaa
aaaaabababa
aaaaababbaa
aaaaabbaaaa
aaaaabbaaab
aaaabaaaaaa
aaaabaaaaab
aaaabaaaaba
aaaabaaabaa
aaaabaabaaa
aaaabaabaab
aaaabaabbab
aaaababaaba
aaaabababaa
aaaababbaab
aaaababbaba
aaaababbbaa
aaaabbaaaaa
aaaabbaaaba
aaaabbabaaa
aaaabbababa
aaaabbbaaaa
aaaabbbbbab
aaabaaaaaaa
aaabaaaaaab
aaabaaaaaba
aaabaaaabba
aaabaaabaaa
aaabaaababa
aaabaabaaaa
aaabaabaaab
aaabaabaaba
aaababaaaaa
aaababbaaaa
aaababbaaba
aaababbbaaa
aaabbaaaaaa
aaabbaaabaa
aabaaaaaaaa
aabaaaaaaab
aabaaaaabaa
aabaaabaaaa
aabaaababaa
aabaaabbaaa
aabaabaaaaa
aabaabaaaba
aabaabaaabb
aabaabaabaa
aababaaaaaa
aababaaaaab
aababaaabaa
aababbbbaaa
aabbaaaaaaa
aabbaaabaaa
aabbaabaabb
abaaaaaaaaa
abaaaaaaaba
abaaaaaaabb
abaaaaaabba
abaaaaabaaa
abaaaaabaab
abaaaaababb
abaaaabaaab
abaaaababba
abaaabaaaaa
abaaababaaa
abaaabbaaba
abaabaaaaaa
abaabaaabba
abaabaabaaa
abaabbaaaaa
abaabbaaaba
abaabbaaabb
ababaaaaaaa
ababaaaaaba
abababbaaaa
ababbaaaaaa
ababbaaaaab
ababbaaaaba
ababbaaabaa
ababbbbaaaa
abbaaaaaaaa
abbaaaaaaba
abbaaabaaaa
abbaaabaaab
abbaaabaaba
abbaabaabaa
abbabaaaaba
baaaaaaaaaa
baaaaaaaaba
baaaaaaabab
baaaaabaaaa
baaaaabaaba
baaaaababba
baaaabaaaaa
baaaabaaaab
baaaabaabaa
baaaabababa
baaaabbaaba
baaabaaaaaa
baaabaaaaab
baaabaaaabb
baaabaaabaa
baaabaabaaa
baaababaaaa
baaababbaaa
baaabbaaaaa
baabaaaaaaa
baabaaabbaa
baabaabaaaa
baabaabbaaa
baabbaaaaaa
babaaaaaaaa
babaaaaabaa
babaaaaabab
babaaaabaaa
babaaaababb
babaaabaaaa
babaaababaa
babbaaabaaa
babbababaaa
bbaaaaaaaaa
bbaaaaaaaab
bbaaaaaaaba
bbaaaabaaaa
bbaaababaaa
bbaaabbaaaa
bbaabaabaaa
bbabaaaaaba
bbabaaaabaa

aaaaaaaaaab
aaaaaaaaaba
aaaaaaaaabb
aaaaaaaabaa
aaaaaaaabab
aaaaaaaabba
aaaaaaabaaa
aaaaaaabaab
aaaaaaababa
aaaaaaabbaa
aaaaaaabbab
aaaaaabaaaa
aaaaaabaaab
aaaaaabaaba
aaaaaababaa
aaaaaababba
aaaaaabbaaa
aaaaaabbaba
aaaaabaaaaa
aaaaabaaaba
aaaaabaabaa
aaaaabaabab
aaaaababaaa
aaaaababaab
aaaaabbaaaa
aaaaabbabaa
aaaabaaaaaa
aaaabaaaaab
aaaabaaaaba
aaaabaaabaa
aaaabaaabab
aaaabaabaaa
aaaabaababa
aaaabaabbaa
aaaababaaaa
aaaababaaab
aaaabbaaaaa
aaaabbaaaba
aaaabbaabba
aaaabbabaaa
aaabaaaaaaa
aaabaaaabab
aaabaaababa
aaabaabaaaa
aaabaababaa
aaabaababab
aaabaabbaba
aaababaaaaa
aaababaaaab
aaababaaaba
aaababaabaa
aaabababaaa
aaababbaaba
aaabbaaaaaa
aaabbaaaaab
aaabbaabbaa
aaabbbaaaaa
aabaaaaaaaa
aabaaaaaaba
aabaaaaabaa
aabaaaabaaa
aabaaaabaab
aabaaabaaab
aabaaababaa
aabaaababba
aabaabaaaaa
aabaabaaabb
aabaababaaa
aababaaaaaa
aababaaaaba
aababaaabaa
aababaaabab
aababaabaaa
aabababaaaa
aabbaaaaaab
aabbaaaabaa
aabbabaaaba
aabbbabbaaa
abaaaaaaaaa
abaaaaaaaab
abaaaaaabbb
abaaaaabaaa
abaaaaabaab
abaaaaababb
abaaaabaaaa
abaaaabaaab
abaaaabaabb
abaaaabbaab
abaaabaabaa
abaaababaaa
abaabaaaaaa
abaabaaaaba
abaabaabaaa
abaababaaaa
abaabbabaaa
ababaaaaaaa
ababaaaabaa
ababaaaabab
ababaaababa
ababaabaaaa
ababbaaaaba
abbaaaabaaa
abbaaaabaab
abbaababaaa
baaaaaaaaaa
baaaaaaaaab
baaaaaaaaba
baaaaaaabaa
baaaaaaabba
baaaaaabaaa
baaaaaabbba
baaaaabaaaa
baaaaabaaba
baaaabaaaaa
baaaabaaaab
baaaabaaaba
baaaabaabaa
baaaabaabba
baaaababaab
baaababaaba
baaabbaaaaa
baaabbaabba
baabaaaaaab
baabaaaaaba
baabaaaabaa
baabaabaaab
baababaaaaa
baababaaaba
baabbaababb
babaaaaaaaa
babaaaaabaa
babaaaabaaa
babaabaaaaa
babaabaaaab
babbaaaabab
babbaababaa
babbbbaaaab
bbaaaaaaaaa
bbaaaaaaaba
bbaaaabaaaa
bbaaaababaa
bbabaaaaaba
bbabaaaabaa
bbbaaaabaaa
bbbbaaaaaaa

dddedd
deddde

cccccccccccccccccccccccccccccccccc

aa
ab
ac
ad
ae
af
ag
ah
ai
aj
ak
al
am
an
ao
ap
aq
ar
as
at
au
av
aw
ax
ay
az
ba
bb
bc
bd
be
bf
bg
bh
bi
bj
bk
bl
bm
bn
bo
bp
bq
br
bs
bt
bu
bv
bw
bx
by
bz
ca
cb
cc
cd
ce
cf
cg
ch
ci
cj
ck
cl
cm
cn
co
cp
cq
cr
cs
ct
cu
cv
cw
cx
cy
cz
da
db
dc
dd
de
df
dg
dh
di
dj
dk
dl
dm
dn
do
dp
dq
dr
ds
dt
du
dv
dw
dx
dy
dz
ea
eb
ec
ed
ee
ef
eg
eh
ei
ej
ek
el
em
en
eo
ep
eq
er
es
et
eu
ev
ew
ex
ey
ez
fa
fb
fc
fd
fe
ff
fg
fh
fi
fj
fk
fl
fm
fn
fo
fp
fq
fr
fs
ft
fu
fv
fw
fx
fy
fz
ga
gb
gc
gd
ge
gf
gg
gh
gi
gj
gk
gl
gm
gn
go
gp
gq
gr
gs
gt
gu
gv
gw
gx
gy
gz
ha
hb
hc
hd
he
hf
hg
hh
hi
hj
hk
hl
hm
hn
ho
hp
hq
hr
hs
ht
hu
hv
hw
hx
hy
hz
ia
ib
ic
id
ie
if
ig
ih
ii
ij
ik
il
im
in
io
ip
iq
ir
is
it
iu
iv
iw
ix
iy
iz
ja
jb
jc
jd
je
jf
jg
jh
ji
jj
jk
jl
jm
jn
jo
jp
jq
jr
js
jt
ju
jv
jw
jx
jy
jz
ka
kb
kc
kd
ke
kf
kg
kh
ki
kj
kk
kl
km
kn
ko
kp
kq
kr
ks
kt
ku
kv
kw
kx
ky
kz
la
lb
lc
ld
le
lf
lg
lh
li
lj
lk
ll
lm
ln
lo
lp
lq
lr
ls
lt
lu
lv
lw
lx
ly
lz
ma
mb
mc
md
me
mf
mg
mh
mi
mj
mk
ml
mm
mn
mo
mp
mq
mr
ms
mt
mu
mv
mw
mx
my
mz
na
nb
nc
nd
ne
nf
ng
nh
ni
nj
nk
nl
nm
nn
no
np
nq
nr
ns
nt
nu
nv
nw
nx
ny
nz
oa
ob
oc
od
oe
of
og
oh
oi
oj
ok
ol
om
on
oo
op
oq
or
os
ot
ou
ov
ow
ox
oy
oz
pa
pb
pc
pd
pe
pf
pg
ph
pi
pj
pk
pl
pm
pn
po
pp
pq
pr
ps
pt
pu
pv
pw
px
py
pz
qa
qb
qc
qd
qe
qf
qg
qh
qi
qj
qk
ql
qm
qn
qo
qp
qq
qr
qs
qt
qu
qv
qw
qx
qy
qz
ra
rb
rc
rd
re
rf
rg
rh
ri
rj
rk
rl
rm
rn
ro
rp
rq
rr
rs
rt
ru
rv
rw
rx
ry
rz
sa
sb
sc
sd
se
sf
sg
sh
si
sj
sk
sl
sm
sn
so
sp
sq
sr
ss
st
su
sv
sw
sx
sy
sz
ta
tb
tc
td
te
tf
tg
th
ti
tj
tk
tl
tm
tn
to
tp
tq
tr
ts
tt
tu
tv
tw
tx
ty
tz
ua
ub
uc
ud
ue
uf
ug
uh
ui
uj
uk
ul
um
un
uo
up
uq
ur
us
ut
uu
uv
uw
ux
uy
uz
va
vb
vc
vd
ve
vf
vg
vh
vi
vj
vk
vl
vm
vn
vo
vp
vq
vr
vs
vt
vu
vv
vw
vx
vy
vz
wa
wb
wc
wd
we
wf
wg
wh
wi
wj
wk
wl
wm
wn
wo
wp
wq
wr
ws
wt
wu
wv
ww
wx
wy
wz
xa
xb
xc
xd
xe
xf
xg
xh
xi
xj
xk
xl
xm
xn
xo
xp
xq
xr
xs
xt
xu
xv
xw
xx
xy
xz
ya
yb
yc
yd
ye
yf
yg
yh
yi
yj
yk
yl
ym
yn
yo
yp
yq
yr
ys
yt
yu
yv
yw
yx
yy
yz
za
zb
zc
zd
ze
zf
zg
zh
zi
zj
zk
zl
zm
zn
zo
zp
zq
zr
zs
zt
zu
zv
zw
zx
zy
zz

xxxxxxxxxxxxxxxxxxxxxxxxxxxxxxxxxxxxxxxxxxxxxxxxxxxxxxxxxxxxxxxxxxxxxxxxxxxxxxxxxxxxxxxxxxxxxxxxxxxxxxxxxxxxxxxxxxxxxxxxxxxxxxxxxxxxxxxxxxxxxxxxxxxxxxxxxxxxxxxxxxxxxxxxxxxxxxxxxxxxxxxxxxxxxxxxxxxxxxxxxxxxxxxxxxxxxxxxxxxxxxxxxxxxxxxxxxxxxxxxxxxxxxxxxxxxxxxxxxxxxxxxxxxxxxxxxxxxxxxxxxxxxxxxxxxxxxxxxxxxxxxxxxxxxxxxxxxxxxxxxxxxxxxxxxxxxxxxxxxxxxxxxxxxxxxxxxxxxxxxxxxxxxxxxxxxxxxxxxxxxxxxxxxxxxxxxxxxxxxxxxxxxxxxxxxxxxxxxxxxxxxxxxxxxxxxxxxxxxxxxxxxxxxxxxxxxxxxxxxxxxxxxxxxxxxxxxxxxxxxxxxxxxxxxxxxxxxxxxxxxxxxxxxxxxxxxxxxxxxxxxxxxxxxxxxxxxxxxxxxxxxxxxxxxxxxxxxxxxxxxxxxxxxxxxxxxxxxxxxxxxxxxxxxxxxxxxxxxxxxxxxxxxxxxxxxxxxxxxxxxxxxxxxxxxxxxxxxxxxxxxxxxxxxxxxxxxxxxxxxxxxxxxxxxxxxxxxxxxxxxxxxxxxxxxxxxxxxxxxxxxxxxxxxxxxxxxxxxxxxxxxxxxxxxxxxxxxxxxxxxxxxxxxxxxxxxxxxxxxxxxxxxxxxxxxxxxxxxxxxxxxxxxxxxxxxxxxxxxxxxxxxxxxxxxxxxxxxxxxxxxxxxxxxxxxxxxxxxxxxxxxxxxxxxxxxxxxxxxxxxxxxxxxxxxxxxxxxxxxxxxxxxxxxxxxxxxxxxxxxxxxxxxxxxxxxxxxxxxxxxxxxxxxxxxxxxxxxxxxxxxxxxxxxxxxxxxxxxxxxxxxxxxxxxxxxxxxxxxxxxxxxxxxxxxxxxxxxxxxx

bcdexxxxxxxxxxxxxxxxxxxxxxxxxxxxxxxxxxxxxxxxxxxxxxxxxxxxxxxxxxxxxxxxxxxxxxxxxxxxxxxxxxxxxxxxxxxxxxxxxxxxxxxxxxxxxxxxxxxxxxxxxxxxxxxxxxxxxxxxxxxxxxxxxxxxxxxxxxxxxxxxxxxxxxxxxxxxxxxxxxxxxxxxxxxxxxxxxxxxxxxxxxxxxxxxxxxxxxxxxxxxxxxxxxxxxxxxxxxxxxxxxxxxxxxxxxxxxxxxxxxxxxxxxxxxxxxxxxxxxxxxxxxxxxxxxxxxxxxxxxxxxxxxxxxxxxxxxxxxxxxxxxxxxxxxxxxxxxxxxxxxxxxxxxxxxxxxxxxxxxxxxxxxxxxxxxxxxxxxxxxxxxxxxxxxxxxxxxxxxxxxxxxxxxxxxxxxxxxxxxxxxxxxxxxxxxxxxxxxxxxxxxxxxxxxxxxxxxxxxxxxxxxxxxxxxxxxxxxxxxxxxxxxxxxxxxxxxxxxxxxxxxxxxxxxxxxxxxxxxxxxxxxxxxxxxxxxxxxxxxxxxxxxxxxxxxxxxxxxxxxxxxxxxxxxxxxxxxxxxxxxxxxxxxxxxxxxxxxxxxxxxxxxxxxxxxxxxxxxxxxxxxxxxxxxxxxxxxxxxxxxxxxxxxxxxxxxxxxxxxxxxxxxxxxxxxxxxxxxxxxxxxxxxxxxxxxxxxxxxxxxxxxxxxxxxxxxxxxxxxxxxxxxxxxxxxxxxxxxxxxxxxxxxxxxxxxxxxxxxxxxxxxxxxxxxxxxxxxxxxxxxxxxxxxxxxxxxxxxxxxxxxxxxxxxxxxxxxxxxxxxxxxxxxxxxxxxxxxxxxxxxxxxxxxxxxxxxxxxxxxxxxxxxxxxxxxxxxxxxxxxxxxxxxxxxxxxxxxxxxxxxxxxxxxxxxxxxxxxxxxxxxxxxxxxxxxxxxxxxxxxxxxxxxxxxxxxxxxxxxxxxxxxxxxxxxxxxxxxxxxxxxxxxxxxxxxxxx
