37371.55
41765.00
41469.40
34184.32
40470.76
45768.95
45301.00
43101.24
40512.82
40672.28
41617.26
32330.99
36883.97
43366.25
45463.76
39072.01
32794.84
43278.50
39394.99
40522.83
43308.64
45135.15
39557.39
39872.70
42988.57
43075.14
31752.50
43278.50
41762.04
38361.86
