7
6
6
6
7
8
10
12
15
16
17
16
15
12
10
8
4
4
5
6
7
9
10
12
12
12
10
9
7
6
5
4
7
8
10
12
15
16
17
16
15
12
10
8
7
6
6
6
7
6
5
4
4
4
5
6
7
9
10
12
12
12
10
9
0
0
0
0
0
0
0
0
0
0
0
0
0
0
0
0
7
9
10
12
12
12
10
9
7
6
5
4
4
4
5
6
15
12
10
8
7
6
6
6
7
8
10
12
15
16
17
16
12
12
10
9
7
6
5
4
4
4
5
6
7
9
10
12
15
16
17
16
15
12
10
8
7
6
6
6
7
8
10
12
12
16
6
7
20
34
72
28
55
8
25
157
147
30
21
161
60
34
43
58
68
118
