do not advertise
do not advertise
do not advertise
do not advertise
do not advertise
do not advertise
does not matter
do not advertise
do not advertise
advertise
do not advertise
do not advertise
do not advertise
do not advertise
do not advertise
advertise
do not advertise
does not matter
advertise
do not advertise
do not advertise
do not advertise
do not advertise
advertise
do not advertise
do not advertise
do not advertise
advertise
advertise
advertise
advertise
does not matter
do not advertise
do not advertise
does not matter
do not advertise
does not matter
do not advertise
do not advertise
advertise
do not advertise
do not advertise
do not advertise
do not advertise
does not matter
does not matter
do not advertise
do not advertise
do not advertise
do not advertise
do not advertise
do not advertise
advertise
do not advertise
advertise
do not advertise
advertise
do not advertise
do not advertise
advertise
do not advertise
do not advertise
do not advertise
do not advertise
do not advertise
advertise
do not advertise
do not advertise
advertise
advertise
do not advertise
advertise
advertise
do not advertise
do not advertise
advertise
advertise
advertise
advertise
advertise
do not advertise
advertise
advertise
do not advertise
do not advertise
do not advertise
advertise
do not advertise
do not advertise
advertise
do not advertise
do not advertise
advertise
advertise
advertise
do not advertise
advertise
advertise
do not advertise
do not advertise
