1
5 1 3 4 2 6 7
2 1
7 1 4 9 2 11 10 8 3 6 5 12
4 1 6 3 2 5
9 1 8 5 2 4 7 6 3 10
3 1 2
3 1 7 5 2 6 8 4
5 1 6 4 2 10 11 7 3 8 9
4 1 13 11 2 10 6 7 3 5 12 9 8
2 1 4 3
3 1 4 5 2
7 1 8 6 2 9 4 5 3
