9
36
38
42
9
35
50
27
24
33
45
38
50
48
28
9
17
45
48
30
19
18
48
32
15
40
39
19
40
46
47
13
