0
10080
6
47977776
2040
1588356
12
54810
8676360
266378112
90
360
290640
1488801600
